
> weighin@1.0.0 test
> npm run build && node --test tests/*.test.cjs && npm run test:vitest


> weighin@1.0.0 build
> tsc

✔ absolute limits report values above the cap and pass at the cap (21.03289ms)
✔ an absolute limit fails closed when its metric is unavailable (3.716351ms)
✔ per-function absolute limits require a matched function (7.945324ms)
Deployer account confirmed in RPC: GAVIBEBOANBJOTJVJ6HMXYFZTRZ7LNTWXGIQ4SNPBMGJZ5ED7OPIN6KV
Funding deployer account: GAVIBEBOANBJOTJVJ6HMXYFZTRZ7LNTWXGIQ4SNPBMGJZ5ED7OPIN6KV via friendbot...
Account readiness retry: HTTP 502 
✔ existing account is confirmed without calling Friendbot (345.825141ms)
Funding deployer account: GAVIBEBOANBJOTJVJ6HMXYFZTRZ7LNTWXGIQ4SNPBMGJZ5ED7OPIN6KV via friendbot...
Deployer account confirmed in RPC: GAVIBEBOANBJOTJVJ6HMXYFZTRZ7LNTWXGIQ4SNPBMGJZ5ED7OPIN6KV
Funding deployer account: GAVIBEBOANBJOTJVJ6HMXYFZTRZ7LNTWXGIQ4SNPBMGJZ5ED7OPIN6KV via friendbot...
✔ temporary Friendbot 502 recovers with the same address and confirmed inclusion (100.320842ms)
Deployer account confirmed in RPC: GAVIBEBOANBJOTJVJ6HMXYFZTRZ7LNTWXGIQ4SNPBMGJZ5ED7OPIN6KV
Funding deployer account: GAVIBEBOANBJOTJVJ6HMXYFZTRZ7LNTWXGIQ4SNPBMGJZ5ED7OPIN6KV via friendbot...
✔ accepted funding is not repeated while RPC inclusion is delayed (77.260554ms)
Account readiness retry: HTTP 503 
Account readiness retry: HTTP 429 
Account readiness retry: HTTP 429 
Account readiness retry: HTTP 429 
Deployer account confirmed in RPC: GAVIBEBOANBJOTJVJ6HMXYFZTRZ7LNTWXGIQ4SNPBMGJZ5ED7OPIN6KV
Funding deployer account: GAVIBEBOANBJOTJVJ6HMXYFZTRZ7LNTWXGIQ4SNPBMGJZ5ED7OPIN6KV via friendbot...
✔ ambiguous temporary funding response checks account before attempting another funding (23.266431ms)
Funding deployer account: GAVIBEBOANBJOTJVJ6HMXYFZTRZ7LNTWXGIQ4SNPBMGJZ5ED7OPIN6KV via friendbot...
Funding deployer account: GAVIBEBOANBJOTJVJ6HMXYFZTRZ7LNTWXGIQ4SNPBMGJZ5ED7OPIN6KV via friendbot...
Funding deployer account: GAVIBEBOANBJOTJVJ6HMXYFZTRZ7LNTWXGIQ4SNPBMGJZ5ED7OPIN6KV via friendbot...
Account readiness retry: HTTP 429 
Account readiness retry: HTTP 429 
Account readiness retry: HTTP 429 
Account readiness retry: HTTP 429 
Funding deployer account: GAVIBEBOANBJOTJVJ6HMXYFZTRZ7LNTWXGIQ4SNPBMGJZ5ED7OPIN6KV via friendbot...
Funding deployer account: GAVIBEBOANBJOTJVJ6HMXYFZTRZ7LNTWXGIQ4SNPBMGJZ5ED7OPIN6KV via friendbot...
Funding deployer account: GAVIBEBOANBJOTJVJ6HMXYFZTRZ7LNTWXGIQ4SNPBMGJZ5ED7OPIN6KV via friendbot...
Funding deployer account: GAVIBEBOANBJOTJVJ6HMXYFZTRZ7LNTWXGIQ4SNPBMGJZ5ED7OPIN6KV via friendbot...
Funding deployer account: GAVIBEBOANBJOTJVJ6HMXYFZTRZ7LNTWXGIQ4SNPBMGJZ5ED7OPIN6KV via friendbot...
Funding deployer account: GAVIBEBOANBJOTJVJ6HMXYFZTRZ7LNTWXGIQ4SNPBMGJZ5ED7OPIN6KV via friendbot...
Account readiness retry: HTTP 429 
Account readiness retry: HTTP 429 
Account readiness retry: HTTP 429 
Account readiness retry: HTTP 429 
Account readiness retry: HTTP 429 
Account readiness retry: HTTP 429 
Funding deployer account: GAVIBEBOANBJOTJVJ6HMXYFZTRZ7LNTWXGIQ4SNPBMGJZ5ED7OPIN6KV via friendbot...
Funding deployer account: GAVIBEBOANBJOTJVJ6HMXYFZTRZ7LNTWXGIQ4SNPBMGJZ5ED7OPIN6KV via friendbot...
Funding deployer account: GAVIBEBOANBJOTJVJ6HMXYFZTRZ7LNTWXGIQ4SNPBMGJZ5ED7OPIN6KV via friendbot...
Funding deployer account: GAVIBEBOANBJOTJVJ6HMXYFZTRZ7LNTWXGIQ4SNPBMGJZ5ED7OPIN6KV via friendbot...
Funding deployer account: GAVIBEBOANBJOTJVJ6HMXYFZTRZ7LNTWXGIQ4SNPBMGJZ5ED7OPIN6KV via friendbot...
Funding deployer account: GAVIBEBOANBJOTJVJ6HMXYFZTRZ7LNTWXGIQ4SNPBMGJZ5ED7OPIN6KV via friendbot...
Funding deployer account: GAVIBEBOANBJOTJVJ6HMXYFZTRZ7LNTWXGIQ4SNPBMGJZ5ED7OPIN6KV via friendbot...
Funding deployer account: GAVIBEBOANBJOTJVJ6HMXYFZTRZ7LNTWXGIQ4SNPBMGJZ5ED7OPIN6KV via friendbot...
Funding deployer account: GAVIBEBOANBJOTJVJ6HMXYFZTRZ7LNTWXGIQ4SNPBMGJZ5ED7OPIN6KV via friendbot...
Funding deployer account: GAVIBEBOANBJOTJVJ6HMXYFZTRZ7LNTWXGIQ4SNPBMGJZ5ED7OPIN6KV via friendbot...
Funding deployer account: GAVIBEBOANBJOTJVJ6HMXYFZTRZ7LNTWXGIQ4SNPBMGJZ5ED7OPIN6KV via friendbot...
Funding deployer account: GAVIBEBOANBJOTJVJ6HMXYFZTRZ7LNTWXGIQ4SNPBMGJZ5ED7OPIN6KV via friendbot...
Funding deployer account: GAVIBEBOANBJOTJVJ6HMXYFZTRZ7LNTWXGIQ4SNPBMGJZ5ED7OPIN6KV via friendbot...
Funding deployer account: GAVIBEBOANBJOTJVJ6HMXYFZTRZ7LNTWXGIQ4SNPBMGJZ5ED7OPIN6KV via friendbot...
Funding deployer account: GAVIBEBOANBJOTJVJ6HMXYFZTRZ7LNTWXGIQ4SNPBMGJZ5ED7OPIN6KV via friendbot...
Account readiness retry: HTTP 429 
Account readiness retry: HTTP 429 
Account readiness retry: HTTP 429 
Account readiness retry: HTTP 429 
Account readiness retry: HTTP 429 
Account readiness retry: HTTP 429 
Account readiness retry: HTTP 429 
Account readiness retry: HTTP 429 
Account readiness retry: HTTP 429 
Account readiness retry: HTTP 429 
Account readiness retry: HTTP 429 
Account readiness retry: HTTP 429 
Account readiness retry: HTTP 429 
Account readiness retry: HTTP 429 
Funding deployer account: GAVIBEBOANBJOTJVJ6HMXYFZTRZ7LNTWXGIQ4SNPBMGJZ5ED7OPIN6KV via friendbot...
Funding deployer account: GAVIBEBOANBJOTJVJ6HMXYFZTRZ7LNTWXGIQ4SNPBMGJZ5ED7OPIN6KV via friendbot...
Funding deployer account: GAVIBEBOANBJOTJVJ6HMXYFZTRZ7LNTWXGIQ4SNPBMGJZ5ED7OPIN6KV via friendbot...
Funding deployer account: GAVIBEBOANBJOTJVJ6HMXYFZTRZ7LNTWXGIQ4SNPBMGJZ5ED7OPIN6KV via friendbot...
Funding deployer account: GAVIBEBOANBJOTJVJ6HMXYFZTRZ7LNTWXGIQ4SNPBMGJZ5ED7OPIN6KV via friendbot...
Funding deployer account: GAVIBEBOANBJOTJVJ6HMXYFZTRZ7LNTWXGIQ4SNPBMGJZ5ED7OPIN6KV via friendbot...
Funding deployer account: GAVIBEBOANBJOTJVJ6HMXYFZTRZ7LNTWXGIQ4SNPBMGJZ5ED7OPIN6KV via friendbot...
Funding deployer account: GAVIBEBOANBJOTJVJ6HMXYFZTRZ7LNTWXGIQ4SNPBMGJZ5ED7OPIN6KV via friendbot...
Funding deployer account: GAVIBEBOANBJOTJVJ6HMXYFZTRZ7LNTWXGIQ4SNPBMGJZ5ED7OPIN6KV via friendbot...
Account readiness retry: HTTP 429 
Account readiness retry: HTTP 429 
Account readiness retry: HTTP 429 
Account readiness retry: HTTP 429 
Account readiness retry: HTTP 429 
Account readiness retry: HTTP 429 
Account readiness retry: HTTP 429 
Account readiness retry: HTTP 429 
Funding deployer account: GAVIBEBOANBJOTJVJ6HMXYFZTRZ7LNTWXGIQ4SNPBMGJZ5ED7OPIN6KV via friendbot...
Funding deployer account: GAVIBEBOANBJOTJVJ6HMXYFZTRZ7LNTWXGIQ4SNPBMGJZ5ED7OPIN6KV via friendbot...
Funding deployer account: GAVIBEBOANBJOTJVJ6HMXYFZTRZ7LNTWXGIQ4SNPBMGJZ5ED7OPIN6KV via friendbot...
Funding deployer account: GAVIBEBOANBJOTJVJ6HMXYFZTRZ7LNTWXGIQ4SNPBMGJZ5ED7OPIN6KV via friendbot...
Account readiness retry: HTTP 429 
Account readiness retry: HTTP 429 
Account readiness retry: HTTP 429 
Account readiness retry: HTTP 429 
Account readiness retry: HTTP 429 
Account readiness retry: HTTP 429 
Account readiness retry: HTTP 429 
Account readiness retry: HTTP 429 
Account readiness retry: HTTP 429 
Account readiness retry: HTTP 429 
Account readiness retry: HTTP 429 
Account readiness retry: HTTP 429 
Account readiness retry: HTTP 429 
Account readiness retry: HTTP 429 
Account readiness retry: HTTP 429 
Account readiness retry: HTTP 429 
Funding deployer account: GAVIBEBOANBJOTJVJ6HMXYFZTRZ7LNTWXGIQ4SNPBMGJZ5ED7OPIN6KV via friendbot...
Funding deployer account: GAVIBEBOANBJOTJVJ6HMXYFZTRZ7LNTWXGIQ4SNPBMGJZ5ED7OPIN6KV via friendbot...
Funding deployer account: GAVIBEBOANBJOTJVJ6HMXYFZTRZ7LNTWXGIQ4SNPBMGJZ5ED7OPIN6KV via friendbot...
Funding deployer account: GAVIBEBOANBJOTJVJ6HMXYFZTRZ7LNTWXGIQ4SNPBMGJZ5ED7OPIN6KV via friendbot...
Funding deployer account: GAVIBEBOANBJOTJVJ6HMXYFZTRZ7LNTWXGIQ4SNPBMGJZ5ED7OPIN6KV via friendbot...
Funding deployer account: GAVIBEBOANBJOTJVJ6HMXYFZTRZ7LNTWXGIQ4SNPBMGJZ5ED7OPIN6KV via friendbot...
Funding deployer account: GAVIBEBOANBJOTJVJ6HMXYFZTRZ7LNTWXGIQ4SNPBMGJZ5ED7OPIN6KV via friendbot...
Funding deployer account: GAVIBEBOANBJOTJVJ6HMXYFZTRZ7LNTWXGIQ4SNPBMGJZ5ED7OPIN6KV via friendbot...
Funding deployer account: GAVIBEBOANBJOTJVJ6HMXYFZTRZ7LNTWXGIQ4SNPBMGJZ5ED7OPIN6KV via friendbot...
Funding deployer account: GAVIBEBOANBJOTJVJ6HMXYFZTRZ7LNTWXGIQ4SNPBMGJZ5ED7OPIN6KV via friendbot...
Funding deployer account: GAVIBEBOANBJOTJVJ6HMXYFZTRZ7LNTWXGIQ4SNPBMGJZ5ED7OPIN6KV via friendbot...
Funding deployer account: GAVIBEBOANBJOTJVJ6HMXYFZTRZ7LNTWXGIQ4SNPBMGJZ5ED7OPIN6KV via friendbot...
Funding deployer account: GAVIBEBOANBJOTJVJ6HMXYFZTRZ7LNTWXGIQ4SNPBMGJZ5ED7OPIN6KV via friendbot...
Funding deployer account: GAVIBEBOANBJOTJVJ6HMXYFZTRZ7LNTWXGIQ4SNPBMGJZ5ED7OPIN6KV via friendbot...
Funding deployer account: GAVIBEBOANBJOTJVJ6HMXYFZTRZ7LNTWXGIQ4SNPBMGJZ5ED7OPIN6KV via friendbot...
Funding deployer account: GAVIBEBOANBJOTJVJ6HMXYFZTRZ7LNTWXGIQ4SNPBMGJZ5ED7OPIN6KV via friendbot...
Funding deployer account: GAVIBEBOANBJOTJVJ6HMXYFZTRZ7LNTWXGIQ4SNPBMGJZ5ED7OPIN6KV via friendbot...
Funding deployer account: GAVIBEBOANBJOTJVJ6HMXYFZTRZ7LNTWXGIQ4SNPBMGJZ5ED7OPIN6KV via friendbot...
Funding deployer account: GAVIBEBOANBJOTJVJ6HMXYFZTRZ7LNTWXGIQ4SNPBMGJZ5ED7OPIN6KV via friendbot...
Funding deployer account: GAVIBEBOANBJOTJVJ6HMXYFZTRZ7LNTWXGIQ4SNPBMGJZ5ED7OPIN6KV via friendbot...
Funding deployer account: GAVIBEBOANBJOTJVJ6HMXYFZTRZ7LNTWXGIQ4SNPBMGJZ5ED7OPIN6KV via friendbot...
Funding deployer account: GAVIBEBOANBJOTJVJ6HMXYFZTRZ7LNTWXGIQ4SNPBMGJZ5ED7OPIN6KV via friendbot...
Account readiness retry: HTTP 429 
Account readiness retry: HTTP 429 
Account readiness retry: HTTP 429 
Account readiness retry: HTTP 429 
Account readiness retry: HTTP 429 
Account readiness retry: HTTP 429 
Account readiness retry: HTTP 429 
Account readiness retry: HTTP 429 
Account readiness retry: HTTP 429 
Account readiness retry: HTTP 500 
Account readiness retry: HTTP 500 
Account readiness retry: HTTP 500 
Account readiness retry: HTTP 500 
Funding deployer account: GAVIBEBOANBJOTJVJ6HMXYFZTRZ7LNTWXGIQ4SNPBMGJZ5ED7OPIN6KV via friendbot...
✔ persistent HTTP 429 exhausts the deadline and never succeeds (265.138708ms)
Account readiness retry: HTTP 500 
Account readiness retry: HTTP 500 
Account readiness retry: HTTP 500 
Account readiness retry: HTTP 500 
Account readiness retry: HTTP 500 
Account readiness retry: HTTP 500 
Account readiness retry: HTTP 500 
Account readiness retry: HTTP 500 
Account readiness retry: HTTP 500 
Account readiness retry: HTTP 500 
Account readiness retry: HTTP 500 
Account readiness retry: HTTP 500 
Account readiness retry: HTTP 500 
Account readiness retry: HTTP 500 
Account readiness retry: HTTP 500 
Account readiness retry: HTTP 500 
Account readiness retry: HTTP 500 
Funding deployer account: GAVIBEBOANBJOTJVJ6HMXYFZTRZ7LNTWXGIQ4SNPBMGJZ5ED7OPIN6KV via friendbot...
Funding deployer account: GAVIBEBOANBJOTJVJ6HMXYFZTRZ7LNTWXGIQ4SNPBMGJZ5ED7OPIN6KV via friendbot...
Funding deployer account: GAVIBEBOANBJOTJVJ6HMXYFZTRZ7LNTWXGIQ4SNPBMGJZ5ED7OPIN6KV via friendbot...
Funding deployer account: GAVIBEBOANBJOTJVJ6HMXYFZTRZ7LNTWXGIQ4SNPBMGJZ5ED7OPIN6KV via friendbot...
Funding deployer account: GAVIBEBOANBJOTJVJ6HMXYFZTRZ7LNTWXGIQ4SNPBMGJZ5ED7OPIN6KV via friendbot...
Funding deployer account: GAVIBEBOANBJOTJVJ6HMXYFZTRZ7LNTWXGIQ4SNPBMGJZ5ED7OPIN6KV via friendbot...
Funding deployer account: GAVIBEBOANBJOTJVJ6HMXYFZTRZ7LNTWXGIQ4SNPBMGJZ5ED7OPIN6KV via friendbot...
Funding deployer account: GAVIBEBOANBJOTJVJ6HMXYFZTRZ7LNTWXGIQ4SNPBMGJZ5ED7OPIN6KV via friendbot...
Funding deployer account: GAVIBEBOANBJOTJVJ6HMXYFZTRZ7LNTWXGIQ4SNPBMGJZ5ED7OPIN6KV via friendbot...
Funding deployer account: GAVIBEBOANBJOTJVJ6HMXYFZTRZ7LNTWXGIQ4SNPBMGJZ5ED7OPIN6KV via friendbot...
Funding deployer account: GAVIBEBOANBJOTJVJ6HMXYFZTRZ7LNTWXGIQ4SNPBMGJZ5ED7OPIN6KV via friendbot...
Funding deployer account: GAVIBEBOANBJOTJVJ6HMXYFZTRZ7LNTWXGIQ4SNPBMGJZ5ED7OPIN6KV via friendbot...
Funding deployer account: GAVIBEBOANBJOTJVJ6HMXYFZTRZ7LNTWXGIQ4SNPBMGJZ5ED7OPIN6KV via friendbot...
Funding deployer account: GAVIBEBOANBJOTJVJ6HMXYFZTRZ7LNTWXGIQ4SNPBMGJZ5ED7OPIN6KV via friendbot...
Funding deployer account: GAVIBEBOANBJOTJVJ6HMXYFZTRZ7LNTWXGIQ4SNPBMGJZ5ED7OPIN6KV via friendbot...
Funding deployer account: GAVIBEBOANBJOTJVJ6HMXYFZTRZ7LNTWXGIQ4SNPBMGJZ5ED7OPIN6KV via friendbot...
Funding deployer account: GAVIBEBOANBJOTJVJ6HMXYFZTRZ7LNTWXGIQ4SNPBMGJZ5ED7OPIN6KV via friendbot...
Funding deployer account: GAVIBEBOANBJOTJVJ6HMXYFZTRZ7LNTWXGIQ4SNPBMGJZ5ED7OPIN6KV via friendbot...
Funding deployer account: GAVIBEBOANBJOTJVJ6HMXYFZTRZ7LNTWXGIQ4SNPBMGJZ5ED7OPIN6KV via friendbot...
Funding deployer account: GAVIBEBOANBJOTJVJ6HMXYFZTRZ7LNTWXGIQ4SNPBMGJZ5ED7OPIN6KV via friendbot...
Funding deployer account: GAVIBEBOANBJOTJVJ6HMXYFZTRZ7LNTWXGIQ4SNPBMGJZ5ED7OPIN6KV via friendbot...
Funding deployer account: GAVIBEBOANBJOTJVJ6HMXYFZTRZ7LNTWXGIQ4SNPBMGJZ5ED7OPIN6KV via friendbot...
Funding deployer account: GAVIBEBOANBJOTJVJ6HMXYFZTRZ7LNTWXGIQ4SNPBMGJZ5ED7OPIN6KV via friendbot...
Funding deployer account: GAVIBEBOANBJOTJVJ6HMXYFZTRZ7LNTWXGIQ4SNPBMGJZ5ED7OPIN6KV via friendbot...
Funding deployer account: GAVIBEBOANBJOTJVJ6HMXYFZTRZ7LNTWXGIQ4SNPBMGJZ5ED7OPIN6KV via friendbot...
Funding deployer account: GAVIBEBOANBJOTJVJ6HMXYFZTRZ7LNTWXGIQ4SNPBMGJZ5ED7OPIN6KV via friendbot...
Funding deployer account: GAVIBEBOANBJOTJVJ6HMXYFZTRZ7LNTWXGIQ4SNPBMGJZ5ED7OPIN6KV via friendbot...
Funding deployer account: GAVIBEBOANBJOTJVJ6HMXYFZTRZ7LNTWXGIQ4SNPBMGJZ5ED7OPIN6KV via friendbot...
Funding deployer account: GAVIBEBOANBJOTJVJ6HMXYFZTRZ7LNTWXGIQ4SNPBMGJZ5ED7OPIN6KV via friendbot...
Funding deployer account: GAVIBEBOANBJOTJVJ6HMXYFZTRZ7LNTWXGIQ4SNPBMGJZ5ED7OPIN6KV via friendbot...
Funding deployer account: GAVIBEBOANBJOTJVJ6HMXYFZTRZ7LNTWXGIQ4SNPBMGJZ5ED7OPIN6KV via friendbot...
Funding deployer account: GAVIBEBOANBJOTJVJ6HMXYFZTRZ7LNTWXGIQ4SNPBMGJZ5ED7OPIN6KV via friendbot...
Funding deployer account: GAVIBEBOANBJOTJVJ6HMXYFZTRZ7LNTWXGIQ4SNPBMGJZ5ED7OPIN6KV via friendbot...
Funding deployer account: GAVIBEBOANBJOTJVJ6HMXYFZTRZ7LNTWXGIQ4SNPBMGJZ5ED7OPIN6KV via friendbot...
Funding deployer account: GAVIBEBOANBJOTJVJ6HMXYFZTRZ7LNTWXGIQ4SNPBMGJZ5ED7OPIN6KV via friendbot...
Funding deployer account: GAVIBEBOANBJOTJVJ6HMXYFZTRZ7LNTWXGIQ4SNPBMGJZ5ED7OPIN6KV via friendbot...
Funding deployer account: GAVIBEBOANBJOTJVJ6HMXYFZTRZ7LNTWXGIQ4SNPBMGJZ5ED7OPIN6KV via friendbot...
Funding deployer account: GAVIBEBOANBJOTJVJ6HMXYFZTRZ7LNTWXGIQ4SNPBMGJZ5ED7OPIN6KV via friendbot...
Funding deployer account: GAVIBEBOANBJOTJVJ6HMXYFZTRZ7LNTWXGIQ4SNPBMGJZ5ED7OPIN6KV via friendbot...
Funding deployer account: GAVIBEBOANBJOTJVJ6HMXYFZTRZ7LNTWXGIQ4SNPBMGJZ5ED7OPIN6KV via friendbot...
Funding deployer account: GAVIBEBOANBJOTJVJ6HMXYFZTRZ7LNTWXGIQ4SNPBMGJZ5ED7OPIN6KV via friendbot...
Funding deployer account: GAVIBEBOANBJOTJVJ6HMXYFZTRZ7LNTWXGIQ4SNPBMGJZ5ED7OPIN6KV via friendbot...
Funding deployer account: GAVIBEBOANBJOTJVJ6HMXYFZTRZ7LNTWXGIQ4SNPBMGJZ5ED7OPIN6KV via friendbot...
Funding deployer account: GAVIBEBOANBJOTJVJ6HMXYFZTRZ7LNTWXGIQ4SNPBMGJZ5ED7OPIN6KV via friendbot...
Funding deployer account: GAVIBEBOANBJOTJVJ6HMXYFZTRZ7LNTWXGIQ4SNPBMGJZ5ED7OPIN6KV via friendbot...
Funding deployer account: GAVIBEBOANBJOTJVJ6HMXYFZTRZ7LNTWXGIQ4SNPBMGJZ5ED7OPIN6KV via friendbot...
Funding deployer account: GAVIBEBOANBJOTJVJ6HMXYFZTRZ7LNTWXGIQ4SNPBMGJZ5ED7OPIN6KV via friendbot...
Funding deployer account: GAVIBEBOANBJOTJVJ6HMXYFZTRZ7LNTWXGIQ4SNPBMGJZ5ED7OPIN6KV via friendbot...
Funding deployer account: GAVIBEBOANBJOTJVJ6HMXYFZTRZ7LNTWXGIQ4SNPBMGJZ5ED7OPIN6KV via friendbot...
Funding deployer account: GAVIBEBOANBJOTJVJ6HMXYFZTRZ7LNTWXGIQ4SNPBMGJZ5ED7OPIN6KV via friendbot...
Account readiness retry: HTTP 500 
Account readiness retry: HTTP 500 
Account readiness retry: HTTP 500 
Account readiness retry: HTTP 500 
Account readiness retry: HTTP 500 
Account readiness retry: HTTP 500 
Account readiness retry: HTTP 500 
Account readiness retry: HTTP 500 
Account readiness retry: HTTP 500 
Account readiness retry: HTTP 500 
Account readiness retry: HTTP 500 
Account readiness retry: HTTP 500 
Account readiness retry: HTTP 500 
Account readiness retry: HTTP 500 
Account readiness retry: HTTP 500 
Account readiness retry: HTTP 500 
Account readiness retry: HTTP 500 
Account readiness retry: HTTP 500 
Account readiness retry: HTTP 500 
Account readiness retry: HTTP 500 
Account readiness retry: HTTP 500 
Account readiness retry: HTTP 500 
Account readiness retry: HTTP 500 
Account readiness retry: HTTP 500 
Account readiness retry: HTTP 500 
Account readiness retry: HTTP 500 
Account readiness retry: HTTP 500 
Account readiness retry: HTTP 500 
Account readiness retry: HTTP 500 
Account readiness retry: HTTP 500 
Account readiness retry: HTTP 500 
Account readiness retry: HTTP 500 
Account readiness retry: HTTP 500 
Account readiness retry: HTTP 500 
Account readiness retry: HTTP 500 
Account readiness retry: HTTP 500 
Account readiness retry: HTTP 500 
Account readiness retry: HTTP 500 
Funding deployer account: GAVIBEBOANBJOTJVJ6HMXYFZTRZ7LNTWXGIQ4SNPBMGJZ5ED7OPIN6KV via friendbot...
Funding deployer account: GAVIBEBOANBJOTJVJ6HMXYFZTRZ7LNTWXGIQ4SNPBMGJZ5ED7OPIN6KV via friendbot...
Funding deployer account: GAVIBEBOANBJOTJVJ6HMXYFZTRZ7LNTWXGIQ4SNPBMGJZ5ED7OPIN6KV via friendbot...
Funding deployer account: GAVIBEBOANBJOTJVJ6HMXYFZTRZ7LNTWXGIQ4SNPBMGJZ5ED7OPIN6KV via friendbot...
Funding deployer account: GAVIBEBOANBJOTJVJ6HMXYFZTRZ7LNTWXGIQ4SNPBMGJZ5ED7OPIN6KV via friendbot...
Funding deployer account: GAVIBEBOANBJOTJVJ6HMXYFZTRZ7LNTWXGIQ4SNPBMGJZ5ED7OPIN6KV via friendbot...
Funding deployer account: GAVIBEBOANBJOTJVJ6HMXYFZTRZ7LNTWXGIQ4SNPBMGJZ5ED7OPIN6KV via friendbot...
Funding deployer account: GAVIBEBOANBJOTJVJ6HMXYFZTRZ7LNTWXGIQ4SNPBMGJZ5ED7OPIN6KV via friendbot...
Funding deployer account: GAVIBEBOANBJOTJVJ6HMXYFZTRZ7LNTWXGIQ4SNPBMGJZ5ED7OPIN6KV via friendbot...
Funding deployer account: GAVIBEBOANBJOTJVJ6HMXYFZTRZ7LNTWXGIQ4SNPBMGJZ5ED7OPIN6KV via friendbot...
✔ persistent HTTP 500 exhausts the deadline and never succeeds (107.115139ms)
Account readiness retry: HTTP 500 
Account readiness retry: HTTP 502 
Account readiness retry: HTTP 502 
Account readiness retry: HTTP 502 
Account readiness retry: HTTP 502 
Account readiness retry: HTTP 502 
Account readiness retry: HTTP 502 
Account readiness retry: HTTP 502 
Account readiness retry: HTTP 502 
Account readiness retry: HTTP 502 
Account readiness retry: HTTP 502 
Account readiness retry: HTTP 502 
Account readiness retry: HTTP 502 
Account readiness retry: HTTP 502 
Account readiness retry: HTTP 502 
Account readiness retry: HTTP 502 
Account readiness retry: HTTP 502 
Account readiness retry: HTTP 502 
Account readiness retry: HTTP 502 
Account readiness retry: HTTP 502 
Account readiness retry: HTTP 502 
Account readiness retry: HTTP 502 
Account readiness retry: HTTP 502 
Account readiness retry: HTTP 502 
Account readiness retry: HTTP 502 
Account readiness retry: HTTP 502 
Account readiness retry: HTTP 502 
Account readiness retry: HTTP 502 
Account readiness retry: HTTP 502 
Account readiness retry: HTTP 502 
Account readiness retry: HTTP 502 
Account readiness retry: HTTP 502 
Account readiness retry: HTTP 502 
Account readiness retry: HTTP 502 
Account readiness retry: HTTP 502 
Account readiness retry: HTTP 502 
Account readiness retry: HTTP 502 
Account readiness retry: HTTP 502 
Account readiness retry: HTTP 502 
Account readiness retry: HTTP 502 
Account readiness retry: HTTP 502 
Account readiness retry: HTTP 502 
Account readiness retry: HTTP 502 
Account readiness retry: HTTP 502 
Account readiness retry: HTTP 502 
Account readiness retry: HTTP 502 
Account readiness retry: HTTP 502 
Account readiness retry: HTTP 502 
Account readiness retry: HTTP 502 
Account readiness retry: HTTP 502 
Account readiness retry: HTTP 502 
Account readiness retry: HTTP 502 
Account readiness retry: HTTP 502 
Account readiness retry: HTTP 502 
Account readiness retry: HTTP 502 
Account readiness retry: HTTP 502 
Account readiness retry: HTTP 502 
Account readiness retry: HTTP 502 
Account readiness retry: HTTP 502 
Account readiness retry: HTTP 502 
Account readiness retry: HTTP 502 
Account readiness retry: HTTP 503 
Account readiness retry: HTTP 503 
Account readiness retry: HTTP 503 
Account readiness retry: HTTP 503 
Account readiness retry: HTTP 503 
Account readiness retry: HTTP 503 
Account readiness retry: HTTP 503 
Account readiness retry: HTTP 503 
Account readiness retry: HTTP 503 
Account readiness retry: HTTP 503 
Account readiness retry: HTTP 503 
Account readiness retry: HTTP 503 
Account readiness retry: HTTP 503 
Account readiness retry: HTTP 503 
Account readiness retry: HTTP 503 
Account readiness retry: HTTP 503 
Account readiness retry: HTTP 503 
Account readiness retry: HTTP 503 
Account readiness retry: HTTP 503 
Account readiness retry: HTTP 503 
Account readiness retry: HTTP 503 
Account readiness retry: HTTP 503 
Account readiness retry: HTTP 503 
Account readiness retry: HTTP 503 
Account readiness retry: HTTP 503 
Account readiness retry: HTTP 503 
Account readiness retry: HTTP 503 
Account readiness retry: HTTP 503 
Account readiness retry: HTTP 503 
Account readiness retry: HTTP 503 
Account readiness retry: HTTP 503 
Account readiness retry: HTTP 503 
Account readiness retry: HTTP 503 
Account readiness retry: HTTP 503 
Account readiness retry: HTTP 503 
Account readiness retry: HTTP 503 
Account readiness retry: HTTP 503 
Account readiness retry: HTTP 503 
Account readiness retry: HTTP 503 
Account readiness retry: HTTP 503 
Account readiness retry: HTTP 503 
Account readiness retry: HTTP 503 
Account readiness retry: HTTP 503 
Account readiness retry: HTTP 503 
Account readiness retry: HTTP 503 
Account readiness retry: HTTP 503 
Account readiness retry: HTTP 503 
Account readiness retry: HTTP 503 
Account readiness retry: HTTP 503 
Account readiness retry: HTTP 503 
Account readiness retry: HTTP 503 
Funding deployer account: GAVIBEBOANBJOTJVJ6HMXYFZTRZ7LNTWXGIQ4SNPBMGJZ5ED7OPIN6KV via friendbot...
Funding deployer account: GAVIBEBOANBJOTJVJ6HMXYFZTRZ7LNTWXGIQ4SNPBMGJZ5ED7OPIN6KV via friendbot...
Funding deployer account: GAVIBEBOANBJOTJVJ6HMXYFZTRZ7LNTWXGIQ4SNPBMGJZ5ED7OPIN6KV via friendbot...
Funding deployer account: GAVIBEBOANBJOTJVJ6HMXYFZTRZ7LNTWXGIQ4SNPBMGJZ5ED7OPIN6KV via friendbot...
Funding deployer account: GAVIBEBOANBJOTJVJ6HMXYFZTRZ7LNTWXGIQ4SNPBMGJZ5ED7OPIN6KV via friendbot...
Funding deployer account: GAVIBEBOANBJOTJVJ6HMXYFZTRZ7LNTWXGIQ4SNPBMGJZ5ED7OPIN6KV via friendbot...
Funding deployer account: GAVIBEBOANBJOTJVJ6HMXYFZTRZ7LNTWXGIQ4SNPBMGJZ5ED7OPIN6KV via friendbot...
Funding deployer account: GAVIBEBOANBJOTJVJ6HMXYFZTRZ7LNTWXGIQ4SNPBMGJZ5ED7OPIN6KV via friendbot...
Funding deployer account: GAVIBEBOANBJOTJVJ6HMXYFZTRZ7LNTWXGIQ4SNPBMGJZ5ED7OPIN6KV via friendbot...
Funding deployer account: GAVIBEBOANBJOTJVJ6HMXYFZTRZ7LNTWXGIQ4SNPBMGJZ5ED7OPIN6KV via friendbot...
Funding deployer account: GAVIBEBOANBJOTJVJ6HMXYFZTRZ7LNTWXGIQ4SNPBMGJZ5ED7OPIN6KV via friendbot...
Funding deployer account: GAVIBEBOANBJOTJVJ6HMXYFZTRZ7LNTWXGIQ4SNPBMGJZ5ED7OPIN6KV via friendbot...
Funding deployer account: GAVIBEBOANBJOTJVJ6HMXYFZTRZ7LNTWXGIQ4SNPBMGJZ5ED7OPIN6KV via friendbot...
Funding deployer account: GAVIBEBOANBJOTJVJ6HMXYFZTRZ7LNTWXGIQ4SNPBMGJZ5ED7OPIN6KV via friendbot...
Funding deployer account: GAVIBEBOANBJOTJVJ6HMXYFZTRZ7LNTWXGIQ4SNPBMGJZ5ED7OPIN6KV via friendbot...
Funding deployer account: GAVIBEBOANBJOTJVJ6HMXYFZTRZ7LNTWXGIQ4SNPBMGJZ5ED7OPIN6KV via friendbot...
Funding deployer account: GAVIBEBOANBJOTJVJ6HMXYFZTRZ7LNTWXGIQ4SNPBMGJZ5ED7OPIN6KV via friendbot...
Funding deployer account: GAVIBEBOANBJOTJVJ6HMXYFZTRZ7LNTWXGIQ4SNPBMGJZ5ED7OPIN6KV via friendbot...
Funding deployer account: GAVIBEBOANBJOTJVJ6HMXYFZTRZ7LNTWXGIQ4SNPBMGJZ5ED7OPIN6KV via friendbot...
Funding deployer account: GAVIBEBOANBJOTJVJ6HMXYFZTRZ7LNTWXGIQ4SNPBMGJZ5ED7OPIN6KV via friendbot...
Funding deployer account: GAVIBEBOANBJOTJVJ6HMXYFZTRZ7LNTWXGIQ4SNPBMGJZ5ED7OPIN6KV via friendbot...
Funding deployer account: GAVIBEBOANBJOTJVJ6HMXYFZTRZ7LNTWXGIQ4SNPBMGJZ5ED7OPIN6KV via friendbot...
Funding deployer account: GAVIBEBOANBJOTJVJ6HMXYFZTRZ7LNTWXGIQ4SNPBMGJZ5ED7OPIN6KV via friendbot...
Funding deployer account: GAVIBEBOANBJOTJVJ6HMXYFZTRZ7LNTWXGIQ4SNPBMGJZ5ED7OPIN6KV via friendbot...
Funding deployer account: GAVIBEBOANBJOTJVJ6HMXYFZTRZ7LNTWXGIQ4SNPBMGJZ5ED7OPIN6KV via friendbot...
Funding deployer account: GAVIBEBOANBJOTJVJ6HMXYFZTRZ7LNTWXGIQ4SNPBMGJZ5ED7OPIN6KV via friendbot...
Funding deployer account: GAVIBEBOANBJOTJVJ6HMXYFZTRZ7LNTWXGIQ4SNPBMGJZ5ED7OPIN6KV via friendbot...
Funding deployer account: GAVIBEBOANBJOTJVJ6HMXYFZTRZ7LNTWXGIQ4SNPBMGJZ5ED7OPIN6KV via friendbot...
Funding deployer account: GAVIBEBOANBJOTJVJ6HMXYFZTRZ7LNTWXGIQ4SNPBMGJZ5ED7OPIN6KV via friendbot...
Funding deployer account: GAVIBEBOANBJOTJVJ6HMXYFZTRZ7LNTWXGIQ4SNPBMGJZ5ED7OPIN6KV via friendbot...
Funding deployer account: GAVIBEBOANBJOTJVJ6HMXYFZTRZ7LNTWXGIQ4SNPBMGJZ5ED7OPIN6KV via friendbot...
Funding deployer account: GAVIBEBOANBJOTJVJ6HMXYFZTRZ7LNTWXGIQ4SNPBMGJZ5ED7OPIN6KV via friendbot...
Funding deployer account: GAVIBEBOANBJOTJVJ6HMXYFZTRZ7LNTWXGIQ4SNPBMGJZ5ED7OPIN6KV via friendbot...
Funding deployer account: GAVIBEBOANBJOTJVJ6HMXYFZTRZ7LNTWXGIQ4SNPBMGJZ5ED7OPIN6KV via friendbot...
Funding deployer account: GAVIBEBOANBJOTJVJ6HMXYFZTRZ7LNTWXGIQ4SNPBMGJZ5ED7OPIN6KV via friendbot...
Funding deployer account: GAVIBEBOANBJOTJVJ6HMXYFZTRZ7LNTWXGIQ4SNPBMGJZ5ED7OPIN6KV via friendbot...
Funding deployer account: GAVIBEBOANBJOTJVJ6HMXYFZTRZ7LNTWXGIQ4SNPBMGJZ5ED7OPIN6KV via friendbot...
Funding deployer account: GAVIBEBOANBJOTJVJ6HMXYFZTRZ7LNTWXGIQ4SNPBMGJZ5ED7OPIN6KV via friendbot...
Funding deployer account: GAVIBEBOANBJOTJVJ6HMXYFZTRZ7LNTWXGIQ4SNPBMGJZ5ED7OPIN6KV via friendbot...
Funding deployer account: GAVIBEBOANBJOTJVJ6HMXYFZTRZ7LNTWXGIQ4SNPBMGJZ5ED7OPIN6KV via friendbot...
Funding deployer account: GAVIBEBOANBJOTJVJ6HMXYFZTRZ7LNTWXGIQ4SNPBMGJZ5ED7OPIN6KV via friendbot...
Funding deployer account: GAVIBEBOANBJOTJVJ6HMXYFZTRZ7LNTWXGIQ4SNPBMGJZ5ED7OPIN6KV via friendbot...
Funding deployer account: GAVIBEBOANBJOTJVJ6HMXYFZTRZ7LNTWXGIQ4SNPBMGJZ5ED7OPIN6KV via friendbot...
Funding deployer account: GAVIBEBOANBJOTJVJ6HMXYFZTRZ7LNTWXGIQ4SNPBMGJZ5ED7OPIN6KV via friendbot...
Funding deployer account: GAVIBEBOANBJOTJVJ6HMXYFZTRZ7LNTWXGIQ4SNPBMGJZ5ED7OPIN6KV via friendbot...
Funding deployer account: GAVIBEBOANBJOTJVJ6HMXYFZTRZ7LNTWXGIQ4SNPBMGJZ5ED7OPIN6KV via friendbot...
Funding deployer account: GAVIBEBOANBJOTJVJ6HMXYFZTRZ7LNTWXGIQ4SNPBMGJZ5ED7OPIN6KV via friendbot...
Funding deployer account: GAVIBEBOANBJOTJVJ6HMXYFZTRZ7LNTWXGIQ4SNPBMGJZ5ED7OPIN6KV via friendbot...
Funding deployer account: GAVIBEBOANBJOTJVJ6HMXYFZTRZ7LNTWXGIQ4SNPBMGJZ5ED7OPIN6KV via friendbot...
Funding deployer account: GAVIBEBOANBJOTJVJ6HMXYFZTRZ7LNTWXGIQ4SNPBMGJZ5ED7OPIN6KV via friendbot...
Funding deployer account: GAVIBEBOANBJOTJVJ6HMXYFZTRZ7LNTWXGIQ4SNPBMGJZ5ED7OPIN6KV via friendbot...
Funding deployer account: GAVIBEBOANBJOTJVJ6HMXYFZTRZ7LNTWXGIQ4SNPBMGJZ5ED7OPIN6KV via friendbot...
Funding deployer account: GAVIBEBOANBJOTJVJ6HMXYFZTRZ7LNTWXGIQ4SNPBMGJZ5ED7OPIN6KV via friendbot...
Funding deployer account: GAVIBEBOANBJOTJVJ6HMXYFZTRZ7LNTWXGIQ4SNPBMGJZ5ED7OPIN6KV via friendbot...
Funding deployer account: GAVIBEBOANBJOTJVJ6HMXYFZTRZ7LNTWXGIQ4SNPBMGJZ5ED7OPIN6KV via friendbot...
Funding deployer account: GAVIBEBOANBJOTJVJ6HMXYFZTRZ7LNTWXGIQ4SNPBMGJZ5ED7OPIN6KV via friendbot...
Funding deployer account: GAVIBEBOANBJOTJVJ6HMXYFZTRZ7LNTWXGIQ4SNPBMGJZ5ED7OPIN6KV via friendbot...
Funding deployer account: GAVIBEBOANBJOTJVJ6HMXYFZTRZ7LNTWXGIQ4SNPBMGJZ5ED7OPIN6KV via friendbot...
Funding deployer account: GAVIBEBOANBJOTJVJ6HMXYFZTRZ7LNTWXGIQ4SNPBMGJZ5ED7OPIN6KV via friendbot...
Funding deployer account: GAVIBEBOANBJOTJVJ6HMXYFZTRZ7LNTWXGIQ4SNPBMGJZ5ED7OPIN6KV via friendbot...
✔ persistent HTTP 502 exhausts the deadline and never succeeds (102.8452ms)
Account readiness retry: HTTP 503 
Account readiness retry: HTTP 503 
Account readiness retry: HTTP 503 
Account readiness retry: HTTP 503 
Account readiness retry: HTTP 503 
Account readiness retry: HTTP 503 
Account readiness retry: HTTP 503 
Account readiness retry: HTTP 503 
Account readiness retry: HTTP 503 
Account readiness retry: HTTP 504 
Account readiness retry: HTTP 504 
Account readiness retry: HTTP 504 
Account readiness retry: HTTP 504 
Account readiness retry: HTTP 504 
Account readiness retry: HTTP 504 
Account readiness retry: HTTP 504 
Account readiness retry: HTTP 504 
Account readiness retry: HTTP 504 
Account readiness retry: HTTP 504 
Account readiness retry: HTTP 504 
Account readiness retry: HTTP 504 
Account readiness retry: HTTP 504 
Account readiness retry: HTTP 504 
Account readiness retry: HTTP 504 
Account readiness retry: HTTP 504 
Account readiness retry: HTTP 504 
Account readiness retry: HTTP 504 
Account readiness retry: HTTP 504 
Account readiness retry: HTTP 504 
Account readiness retry: HTTP 504 
Account readiness retry: HTTP 504 
Account readiness retry: HTTP 504 
Account readiness retry: HTTP 504 
Account readiness retry: HTTP 504 
Account readiness retry: HTTP 504 
Account readiness retry: HTTP 504 
Account readiness retry: HTTP 504 
Account readiness retry: HTTP 504 
Account readiness retry: HTTP 504 
Account readiness retry: HTTP 504 
Account readiness retry: HTTP 504 
Account readiness retry: HTTP 504 
Account readiness retry: HTTP 504 
Account readiness retry: HTTP 504 
Account readiness retry: HTTP 504 
Account readiness retry: HTTP 504 
Account readiness retry: HTTP 504 
Account readiness retry: HTTP 504 
Account readiness retry: HTTP 504 
Account readiness retry: HTTP 504 
Account readiness retry: HTTP 504 
Account readiness retry: HTTP 504 
Account readiness retry: HTTP 504 
Account readiness retry: HTTP 504 
Account readiness retry: HTTP 504 
Account readiness retry: HTTP 504 
Account readiness retry: HTTP 504 
Funding deployer account: GAVIBEBOANBJOTJVJ6HMXYFZTRZ7LNTWXGIQ4SNPBMGJZ5ED7OPIN6KV via friendbot...
Funding deployer account: GAVIBEBOANBJOTJVJ6HMXYFZTRZ7LNTWXGIQ4SNPBMGJZ5ED7OPIN6KV via friendbot...
Funding deployer account: GAVIBEBOANBJOTJVJ6HMXYFZTRZ7LNTWXGIQ4SNPBMGJZ5ED7OPIN6KV via friendbot...
Funding deployer account: GAVIBEBOANBJOTJVJ6HMXYFZTRZ7LNTWXGIQ4SNPBMGJZ5ED7OPIN6KV via friendbot...
Funding deployer account: GAVIBEBOANBJOTJVJ6HMXYFZTRZ7LNTWXGIQ4SNPBMGJZ5ED7OPIN6KV via friendbot...
Funding deployer account: GAVIBEBOANBJOTJVJ6HMXYFZTRZ7LNTWXGIQ4SNPBMGJZ5ED7OPIN6KV via friendbot...
Funding deployer account: GAVIBEBOANBJOTJVJ6HMXYFZTRZ7LNTWXGIQ4SNPBMGJZ5ED7OPIN6KV via friendbot...
Funding deployer account: GAVIBEBOANBJOTJVJ6HMXYFZTRZ7LNTWXGIQ4SNPBMGJZ5ED7OPIN6KV via friendbot...
Funding deployer account: GAVIBEBOANBJOTJVJ6HMXYFZTRZ7LNTWXGIQ4SNPBMGJZ5ED7OPIN6KV via friendbot...
Funding deployer account: GAVIBEBOANBJOTJVJ6HMXYFZTRZ7LNTWXGIQ4SNPBMGJZ5ED7OPIN6KV via friendbot...
Funding deployer account: GAVIBEBOANBJOTJVJ6HMXYFZTRZ7LNTWXGIQ4SNPBMGJZ5ED7OPIN6KV via friendbot...
Funding deployer account: GAVIBEBOANBJOTJVJ6HMXYFZTRZ7LNTWXGIQ4SNPBMGJZ5ED7OPIN6KV via friendbot...
Funding deployer account: GAVIBEBOANBJOTJVJ6HMXYFZTRZ7LNTWXGIQ4SNPBMGJZ5ED7OPIN6KV via friendbot...
Funding deployer account: GAVIBEBOANBJOTJVJ6HMXYFZTRZ7LNTWXGIQ4SNPBMGJZ5ED7OPIN6KV via friendbot...
Funding deployer account: GAVIBEBOANBJOTJVJ6HMXYFZTRZ7LNTWXGIQ4SNPBMGJZ5ED7OPIN6KV via friendbot...
Funding deployer account: GAVIBEBOANBJOTJVJ6HMXYFZTRZ7LNTWXGIQ4SNPBMGJZ5ED7OPIN6KV via friendbot...
Funding deployer account: GAVIBEBOANBJOTJVJ6HMXYFZTRZ7LNTWXGIQ4SNPBMGJZ5ED7OPIN6KV via friendbot...
Funding deployer account: GAVIBEBOANBJOTJVJ6HMXYFZTRZ7LNTWXGIQ4SNPBMGJZ5ED7OPIN6KV via friendbot...
Funding deployer account: GAVIBEBOANBJOTJVJ6HMXYFZTRZ7LNTWXGIQ4SNPBMGJZ5ED7OPIN6KV via friendbot...
Funding deployer account: GAVIBEBOANBJOTJVJ6HMXYFZTRZ7LNTWXGIQ4SNPBMGJZ5ED7OPIN6KV via friendbot...
Funding deployer account: GAVIBEBOANBJOTJVJ6HMXYFZTRZ7LNTWXGIQ4SNPBMGJZ5ED7OPIN6KV via friendbot...
Funding deployer account: GAVIBEBOANBJOTJVJ6HMXYFZTRZ7LNTWXGIQ4SNPBMGJZ5ED7OPIN6KV via friendbot...
Funding deployer account: GAVIBEBOANBJOTJVJ6HMXYFZTRZ7LNTWXGIQ4SNPBMGJZ5ED7OPIN6KV via friendbot...
Funding deployer account: GAVIBEBOANBJOTJVJ6HMXYFZTRZ7LNTWXGIQ4SNPBMGJZ5ED7OPIN6KV via friendbot...
Funding deployer account: GAVIBEBOANBJOTJVJ6HMXYFZTRZ7LNTWXGIQ4SNPBMGJZ5ED7OPIN6KV via friendbot...
Funding deployer account: GAVIBEBOANBJOTJVJ6HMXYFZTRZ7LNTWXGIQ4SNPBMGJZ5ED7OPIN6KV via friendbot...
Funding deployer account: GAVIBEBOANBJOTJVJ6HMXYFZTRZ7LNTWXGIQ4SNPBMGJZ5ED7OPIN6KV via friendbot...
Funding deployer account: GAVIBEBOANBJOTJVJ6HMXYFZTRZ7LNTWXGIQ4SNPBMGJZ5ED7OPIN6KV via friendbot...
Funding deployer account: GAVIBEBOANBJOTJVJ6HMXYFZTRZ7LNTWXGIQ4SNPBMGJZ5ED7OPIN6KV via friendbot...
Funding deployer account: GAVIBEBOANBJOTJVJ6HMXYFZTRZ7LNTWXGIQ4SNPBMGJZ5ED7OPIN6KV via friendbot...
Funding deployer account: GAVIBEBOANBJOTJVJ6HMXYFZTRZ7LNTWXGIQ4SNPBMGJZ5ED7OPIN6KV via friendbot...
Funding deployer account: GAVIBEBOANBJOTJVJ6HMXYFZTRZ7LNTWXGIQ4SNPBMGJZ5ED7OPIN6KV via friendbot...
Funding deployer account: GAVIBEBOANBJOTJVJ6HMXYFZTRZ7LNTWXGIQ4SNPBMGJZ5ED7OPIN6KV via friendbot...
Funding deployer account: GAVIBEBOANBJOTJVJ6HMXYFZTRZ7LNTWXGIQ4SNPBMGJZ5ED7OPIN6KV via friendbot...
Funding deployer account: GAVIBEBOANBJOTJVJ6HMXYFZTRZ7LNTWXGIQ4SNPBMGJZ5ED7OPIN6KV via friendbot...
Funding deployer account: GAVIBEBOANBJOTJVJ6HMXYFZTRZ7LNTWXGIQ4SNPBMGJZ5ED7OPIN6KV via friendbot...
Funding deployer account: GAVIBEBOANBJOTJVJ6HMXYFZTRZ7LNTWXGIQ4SNPBMGJZ5ED7OPIN6KV via friendbot...
Funding deployer account: GAVIBEBOANBJOTJVJ6HMXYFZTRZ7LNTWXGIQ4SNPBMGJZ5ED7OPIN6KV via friendbot...
Funding deployer account: GAVIBEBOANBJOTJVJ6HMXYFZTRZ7LNTWXGIQ4SNPBMGJZ5ED7OPIN6KV via friendbot...
Funding deployer account: GAVIBEBOANBJOTJVJ6HMXYFZTRZ7LNTWXGIQ4SNPBMGJZ5ED7OPIN6KV via friendbot...
Funding deployer account: GAVIBEBOANBJOTJVJ6HMXYFZTRZ7LNTWXGIQ4SNPBMGJZ5ED7OPIN6KV via friendbot...
Funding deployer account: GAVIBEBOANBJOTJVJ6HMXYFZTRZ7LNTWXGIQ4SNPBMGJZ5ED7OPIN6KV via friendbot...
Funding deployer account: GAVIBEBOANBJOTJVJ6HMXYFZTRZ7LNTWXGIQ4SNPBMGJZ5ED7OPIN6KV via friendbot...
Funding deployer account: GAVIBEBOANBJOTJVJ6HMXYFZTRZ7LNTWXGIQ4SNPBMGJZ5ED7OPIN6KV via friendbot...
Funding deployer account: GAVIBEBOANBJOTJVJ6HMXYFZTRZ7LNTWXGIQ4SNPBMGJZ5ED7OPIN6KV via friendbot...
Funding deployer account: GAVIBEBOANBJOTJVJ6HMXYFZTRZ7LNTWXGIQ4SNPBMGJZ5ED7OPIN6KV via friendbot...
Funding deployer account: GAVIBEBOANBJOTJVJ6HMXYFZTRZ7LNTWXGIQ4SNPBMGJZ5ED7OPIN6KV via friendbot...
Funding deployer account: GAVIBEBOANBJOTJVJ6HMXYFZTRZ7LNTWXGIQ4SNPBMGJZ5ED7OPIN6KV via friendbot...
Funding deployer account: GAVIBEBOANBJOTJVJ6HMXYFZTRZ7LNTWXGIQ4SNPBMGJZ5ED7OPIN6KV via friendbot...
Funding deployer account: GAVIBEBOANBJOTJVJ6HMXYFZTRZ7LNTWXGIQ4SNPBMGJZ5ED7OPIN6KV via friendbot...
Funding deployer account: GAVIBEBOANBJOTJVJ6HMXYFZTRZ7LNTWXGIQ4SNPBMGJZ5ED7OPIN6KV via friendbot...
Funding deployer account: GAVIBEBOANBJOTJVJ6HMXYFZTRZ7LNTWXGIQ4SNPBMGJZ5ED7OPIN6KV via friendbot...
Funding deployer account: GAVIBEBOANBJOTJVJ6HMXYFZTRZ7LNTWXGIQ4SNPBMGJZ5ED7OPIN6KV via friendbot...
Funding deployer account: GAVIBEBOANBJOTJVJ6HMXYFZTRZ7LNTWXGIQ4SNPBMGJZ5ED7OPIN6KV via friendbot...
Funding deployer account: GAVIBEBOANBJOTJVJ6HMXYFZTRZ7LNTWXGIQ4SNPBMGJZ5ED7OPIN6KV via friendbot...
Funding deployer account: GAVIBEBOANBJOTJVJ6HMXYFZTRZ7LNTWXGIQ4SNPBMGJZ5ED7OPIN6KV via friendbot...
Funding deployer account: GAVIBEBOANBJOTJVJ6HMXYFZTRZ7LNTWXGIQ4SNPBMGJZ5ED7OPIN6KV via friendbot...
Funding deployer account: GAVIBEBOANBJOTJVJ6HMXYFZTRZ7LNTWXGIQ4SNPBMGJZ5ED7OPIN6KV via friendbot...
Funding deployer account: GAVIBEBOANBJOTJVJ6HMXYFZTRZ7LNTWXGIQ4SNPBMGJZ5ED7OPIN6KV via friendbot...
Funding deployer account: GAVIBEBOANBJOTJVJ6HMXYFZTRZ7LNTWXGIQ4SNPBMGJZ5ED7OPIN6KV via friendbot...
✔ persistent HTTP 503 exhausts the deadline and never succeeds (105.867303ms)
Account readiness retry: HTTP 504 
Account readiness retry: HTTP 504 
Account readiness retry: HTTP 504 
Account readiness retry: HTTP 504 
Account readiness retry: HTTP 504 
Account readiness retry: HTTP 504 
Account readiness retry: HTTP 504 
Account readiness retry: HTTP 504 
Account readiness retry: HTTP 504 
Account readiness retry: HTTP 504 
Account readiness retry: HTTP 504 
Account readiness retry: HTTP 504 
Funding deployer account: GAVIBEBOANBJOTJVJ6HMXYFZTRZ7LNTWXGIQ4SNPBMGJZ5ED7OPIN6KV via friendbot...
Funding deployer account: GAVIBEBOANBJOTJVJ6HMXYFZTRZ7LNTWXGIQ4SNPBMGJZ5ED7OPIN6KV via friendbot...
Funding deployer account: GAVIBEBOANBJOTJVJ6HMXYFZTRZ7LNTWXGIQ4SNPBMGJZ5ED7OPIN6KV via friendbot...
Funding deployer account: GAVIBEBOANBJOTJVJ6HMXYFZTRZ7LNTWXGIQ4SNPBMGJZ5ED7OPIN6KV via friendbot...
Funding deployer account: GAVIBEBOANBJOTJVJ6HMXYFZTRZ7LNTWXGIQ4SNPBMGJZ5ED7OPIN6KV via friendbot...
Funding deployer account: GAVIBEBOANBJOTJVJ6HMXYFZTRZ7LNTWXGIQ4SNPBMGJZ5ED7OPIN6KV via friendbot...
Funding deployer account: GAVIBEBOANBJOTJVJ6HMXYFZTRZ7LNTWXGIQ4SNPBMGJZ5ED7OPIN6KV via friendbot...
Funding deployer account: GAVIBEBOANBJOTJVJ6HMXYFZTRZ7LNTWXGIQ4SNPBMGJZ5ED7OPIN6KV via friendbot...
Funding deployer account: GAVIBEBOANBJOTJVJ6HMXYFZTRZ7LNTWXGIQ4SNPBMGJZ5ED7OPIN6KV via friendbot...
Funding deployer account: GAVIBEBOANBJOTJVJ6HMXYFZTRZ7LNTWXGIQ4SNPBMGJZ5ED7OPIN6KV via friendbot...
Funding deployer account: GAVIBEBOANBJOTJVJ6HMXYFZTRZ7LNTWXGIQ4SNPBMGJZ5ED7OPIN6KV via friendbot...
Funding deployer account: GAVIBEBOANBJOTJVJ6HMXYFZTRZ7LNTWXGIQ4SNPBMGJZ5ED7OPIN6KV via friendbot...
Funding deployer account: GAVIBEBOANBJOTJVJ6HMXYFZTRZ7LNTWXGIQ4SNPBMGJZ5ED7OPIN6KV via friendbot...
Funding deployer account: GAVIBEBOANBJOTJVJ6HMXYFZTRZ7LNTWXGIQ4SNPBMGJZ5ED7OPIN6KV via friendbot...
Funding deployer account: GAVIBEBOANBJOTJVJ6HMXYFZTRZ7LNTWXGIQ4SNPBMGJZ5ED7OPIN6KV via friendbot...
Funding deployer account: GAVIBEBOANBJOTJVJ6HMXYFZTRZ7LNTWXGIQ4SNPBMGJZ5ED7OPIN6KV via friendbot...
Funding deployer account: GAVIBEBOANBJOTJVJ6HMXYFZTRZ7LNTWXGIQ4SNPBMGJZ5ED7OPIN6KV via friendbot...
Funding deployer account: GAVIBEBOANBJOTJVJ6HMXYFZTRZ7LNTWXGIQ4SNPBMGJZ5ED7OPIN6KV via friendbot...
Funding deployer account: GAVIBEBOANBJOTJVJ6HMXYFZTRZ7LNTWXGIQ4SNPBMGJZ5ED7OPIN6KV via friendbot...
Funding deployer account: GAVIBEBOANBJOTJVJ6HMXYFZTRZ7LNTWXGIQ4SNPBMGJZ5ED7OPIN6KV via friendbot...
Funding deployer account: GAVIBEBOANBJOTJVJ6HMXYFZTRZ7LNTWXGIQ4SNPBMGJZ5ED7OPIN6KV via friendbot...
Funding deployer account: GAVIBEBOANBJOTJVJ6HMXYFZTRZ7LNTWXGIQ4SNPBMGJZ5ED7OPIN6KV via friendbot...
Funding deployer account: GAVIBEBOANBJOTJVJ6HMXYFZTRZ7LNTWXGIQ4SNPBMGJZ5ED7OPIN6KV via friendbot...
Funding deployer account: GAVIBEBOANBJOTJVJ6HMXYFZTRZ7LNTWXGIQ4SNPBMGJZ5ED7OPIN6KV via friendbot...
Funding deployer account: GAVIBEBOANBJOTJVJ6HMXYFZTRZ7LNTWXGIQ4SNPBMGJZ5ED7OPIN6KV via friendbot...
Funding deployer account: GAVIBEBOANBJOTJVJ6HMXYFZTRZ7LNTWXGIQ4SNPBMGJZ5ED7OPIN6KV via friendbot...
Funding deployer account: GAVIBEBOANBJOTJVJ6HMXYFZTRZ7LNTWXGIQ4SNPBMGJZ5ED7OPIN6KV via friendbot...
Funding deployer account: GAVIBEBOANBJOTJVJ6HMXYFZTRZ7LNTWXGIQ4SNPBMGJZ5ED7OPIN6KV via friendbot...
Funding deployer account: GAVIBEBOANBJOTJVJ6HMXYFZTRZ7LNTWXGIQ4SNPBMGJZ5ED7OPIN6KV via friendbot...
Funding deployer account: GAVIBEBOANBJOTJVJ6HMXYFZTRZ7LNTWXGIQ4SNPBMGJZ5ED7OPIN6KV via friendbot...
Funding deployer account: GAVIBEBOANBJOTJVJ6HMXYFZTRZ7LNTWXGIQ4SNPBMGJZ5ED7OPIN6KV via friendbot...
Funding deployer account: GAVIBEBOANBJOTJVJ6HMXYFZTRZ7LNTWXGIQ4SNPBMGJZ5ED7OPIN6KV via friendbot...
Funding deployer account: GAVIBEBOANBJOTJVJ6HMXYFZTRZ7LNTWXGIQ4SNPBMGJZ5ED7OPIN6KV via friendbot...
Funding deployer account: GAVIBEBOANBJOTJVJ6HMXYFZTRZ7LNTWXGIQ4SNPBMGJZ5ED7OPIN6KV via friendbot...
Funding deployer account: GAVIBEBOANBJOTJVJ6HMXYFZTRZ7LNTWXGIQ4SNPBMGJZ5ED7OPIN6KV via friendbot...
Funding deployer account: GAVIBEBOANBJOTJVJ6HMXYFZTRZ7LNTWXGIQ4SNPBMGJZ5ED7OPIN6KV via friendbot...
Funding deployer account: GAVIBEBOANBJOTJVJ6HMXYFZTRZ7LNTWXGIQ4SNPBMGJZ5ED7OPIN6KV via friendbot...
Funding deployer account: GAVIBEBOANBJOTJVJ6HMXYFZTRZ7LNTWXGIQ4SNPBMGJZ5ED7OPIN6KV via friendbot...
Funding deployer account: GAVIBEBOANBJOTJVJ6HMXYFZTRZ7LNTWXGIQ4SNPBMGJZ5ED7OPIN6KV via friendbot...
Funding deployer account: GAVIBEBOANBJOTJVJ6HMXYFZTRZ7LNTWXGIQ4SNPBMGJZ5ED7OPIN6KV via friendbot...
Funding deployer account: GAVIBEBOANBJOTJVJ6HMXYFZTRZ7LNTWXGIQ4SNPBMGJZ5ED7OPIN6KV via friendbot...
Funding deployer account: GAVIBEBOANBJOTJVJ6HMXYFZTRZ7LNTWXGIQ4SNPBMGJZ5ED7OPIN6KV via friendbot...
Funding deployer account: GAVIBEBOANBJOTJVJ6HMXYFZTRZ7LNTWXGIQ4SNPBMGJZ5ED7OPIN6KV via friendbot...
Funding deployer account: GAVIBEBOANBJOTJVJ6HMXYFZTRZ7LNTWXGIQ4SNPBMGJZ5ED7OPIN6KV via friendbot...
Funding deployer account: GAVIBEBOANBJOTJVJ6HMXYFZTRZ7LNTWXGIQ4SNPBMGJZ5ED7OPIN6KV via friendbot...
Funding deployer account: GAVIBEBOANBJOTJVJ6HMXYFZTRZ7LNTWXGIQ4SNPBMGJZ5ED7OPIN6KV via friendbot...
Funding deployer account: GAVIBEBOANBJOTJVJ6HMXYFZTRZ7LNTWXGIQ4SNPBMGJZ5ED7OPIN6KV via friendbot...
Funding deployer account: GAVIBEBOANBJOTJVJ6HMXYFZTRZ7LNTWXGIQ4SNPBMGJZ5ED7OPIN6KV via friendbot...
Funding deployer account: GAVIBEBOANBJOTJVJ6HMXYFZTRZ7LNTWXGIQ4SNPBMGJZ5ED7OPIN6KV via friendbot...
Funding deployer account: GAVIBEBOANBJOTJVJ6HMXYFZTRZ7LNTWXGIQ4SNPBMGJZ5ED7OPIN6KV via friendbot...
Funding deployer account: GAVIBEBOANBJOTJVJ6HMXYFZTRZ7LNTWXGIQ4SNPBMGJZ5ED7OPIN6KV via friendbot...
Funding deployer account: GAVIBEBOANBJOTJVJ6HMXYFZTRZ7LNTWXGIQ4SNPBMGJZ5ED7OPIN6KV via friendbot...
Funding deployer account: GAVIBEBOANBJOTJVJ6HMXYFZTRZ7LNTWXGIQ4SNPBMGJZ5ED7OPIN6KV via friendbot...
Funding deployer account: GAVIBEBOANBJOTJVJ6HMXYFZTRZ7LNTWXGIQ4SNPBMGJZ5ED7OPIN6KV via friendbot...
Funding deployer account: GAVIBEBOANBJOTJVJ6HMXYFZTRZ7LNTWXGIQ4SNPBMGJZ5ED7OPIN6KV via friendbot...
Funding deployer account: GAVIBEBOANBJOTJVJ6HMXYFZTRZ7LNTWXGIQ4SNPBMGJZ5ED7OPIN6KV via friendbot...
Funding deployer account: GAVIBEBOANBJOTJVJ6HMXYFZTRZ7LNTWXGIQ4SNPBMGJZ5ED7OPIN6KV via friendbot...
Funding deployer account: GAVIBEBOANBJOTJVJ6HMXYFZTRZ7LNTWXGIQ4SNPBMGJZ5ED7OPIN6KV via friendbot...
Funding deployer account: GAVIBEBOANBJOTJVJ6HMXYFZTRZ7LNTWXGIQ4SNPBMGJZ5ED7OPIN6KV via friendbot...
Funding deployer account: GAVIBEBOANBJOTJVJ6HMXYFZTRZ7LNTWXGIQ4SNPBMGJZ5ED7OPIN6KV via friendbot...
✔ persistent HTTP 504 exhausts the deadline and never succeeds (156.608578ms)
Funding deployer account: GAVIBEBOANBJOTJVJ6HMXYFZTRZ7LNTWXGIQ4SNPBMGJZ5ED7OPIN6KV via friendbot...
Funding deployer account: GAVIBEBOANBJOTJVJ6HMXYFZTRZ7LNTWXGIQ4SNPBMGJZ5ED7OPIN6KV via friendbot...
Funding deployer account: GAVIBEBOANBJOTJVJ6HMXYFZTRZ7LNTWXGIQ4SNPBMGJZ5ED7OPIN6KV via friendbot...
Funding deployer account: GAVIBEBOANBJOTJVJ6HMXYFZTRZ7LNTWXGIQ4SNPBMGJZ5ED7OPIN6KV via friendbot...
✔ successful funding without RPC inclusion exhausts the deadline (73.600745ms)
✔ permanent funding HTTP 400 fails immediately (8.981027ms)
✔ permanent funding HTTP 401 fails immediately (2.658185ms)
✔ permanent funding HTTP 403 fails immediately (5.621942ms)
✔ permanent funding HTTP 404 fails immediately (6.894734ms)
Account readiness retry: transport failure: timed out
Account readiness retry: transport failure: fetch failed
Account readiness retry: transport failure: fetch failed
Account readiness retry: transport failure: fetch failed
Account readiness retry: transport failure: fetch failed
Account readiness retry: transport failure: fetch failed
Account readiness retry: transport failure: fetch failed
Account readiness retry: transport failure: fetch failed
Account readiness retry: transport failure: fetch failed
Account readiness retry: transport failure: fetch failed
Account readiness retry: transport failure: fetch failed
Account readiness retry: transport failure: fetch failed
Account readiness retry: transport failure: fetch failed
Account readiness retry: transport failure: fetch failed
Account readiness retry: transport failure: fetch failed
Account readiness retry: transport failure: fetch failed
Account readiness retry: transport failure: fetch failed
Account readiness retry: transport failure: fetch failed
Account readiness retry: transport failure: fetch failed
Account readiness retry: transport failure: fetch failed
Account readiness retry: transport failure: fetch failed
Account readiness retry: transport failure: fetch failed
Account readiness retry: transport failure: fetch failed
Account readiness retry: transport failure: fetch failed
Account readiness retry: transport failure: fetch failed
Account readiness retry: transport failure: fetch failed
Account readiness retry: transport failure: fetch failed
Account readiness retry: transport failure: fetch failed
Account readiness retry: transport failure: fetch failed
Account readiness retry: transport failure: fetch failed
Account readiness retry: transport failure: fetch failed
Account readiness retry: transport failure: fetch failed
Account readiness retry: transport failure: fetch failed
Account readiness retry: transport failure: fetch failed
Account readiness retry: transport failure: fetch failed
Account readiness retry: transport failure: fetch failed
Account readiness retry: transport failure: fetch failed
Account readiness retry: transport failure: fetch failed
Account readiness retry: transport failure: fetch failed
Account readiness retry: transport failure: fetch failed
Account readiness retry: transport failure: fetch failed
Account readiness retry: transport failure: fetch failed
Account readiness retry: transport failure: fetch failed
Account readiness retry: transport failure: fetch failed
Account readiness retry: transport failure: fetch failed
Account readiness retry: transport failure: fetch failed
Account readiness retry: transport failure: fetch failed
Account readiness retry: transport failure: fetch failed
Account readiness retry: transport failure: fetch failed
Account readiness retry: transport failure: fetch failed
Account readiness retry: transport failure: fetch failed
Account readiness retry: transport failure: fetch failed
Account readiness retry: transport failure: fetch failed
Account readiness retry: transport failure: fetch failed
Account readiness retry: transport failure: fetch failed
Account readiness retry: transport failure: fetch failed
Account readiness retry: transport failure: fetch failed
Account readiness retry: transport failure: fetch failed
Account readiness retry: transport failure: fetch failed
Account readiness retry: transport failure: fetch failed
Account readiness retry: transport failure: fetch failed
Deployer account confirmed in RPC: GAVIBEBOANBJOTJVJ6HMXYFZTRZ7LNTWXGIQ4SNPBMGJZ5ED7OPIN6KV
Funding deployer account: GAVIBEBOANBJOTJVJ6HMXYFZTRZ7LNTWXGIQ4SNPBMGJZ5ED7OPIN6KV via friendbot...
✔ transport timeout can recover; persistent transport failure exhausts the deadline (122.112852ms)
✔ RPC error is not interpreted as account absence and does not trigger funding (2.616636ms)
✔ malformed or unrelated account rows are rejected before measurement (17.538838ms)
✔ permanent HTTP error with a stalled body fails from headers without retrying (8.336864ms)
✔ comment workflow preserves downloaded report/metadata and sends their contents through the bundled Action (6592.337954ms)
✔ the historical download-before-checkout order deletes the report and fails before any posting request (4423.449185ms)
✔ missing downloaded metadata fails before any posting request (5262.673085ms)
✔ comment delivery retains trusted checkout and triggering-run artifact selection (2.611362ms)
✔ comment test transport rejects non-local sockets before connecting (515.279342ms)
✔ successful main push skips checkout, artifact download and comment execution (12.135651ms)
✔ the historical success-only guard executes on a push and fails without PR metadata (2955.749039ms)
✔ failure PR CI skips all comment-job steps (1.868378ms)
✔ cancelled PR CI skips all comment-job steps (1.092744ms)
✔ timed_out PR CI skips all comment-job steps (1.402798ms)
✔ skipped PR CI skips all comment-job steps (0.987618ms)
✔ neutral PR CI skips all comment-job steps (0.71039ms)
✔ workflow_dispatch does not qualify for PR comment delivery (0.942583ms)
✔ pull_request_target does not qualify for PR comment delivery (0.947294ms)
✔ missing event does not qualify for PR comment delivery (0.571874ms)
✔ a successful fork PR uses the same comment delivery path (2894.866727ms)
✔ identical logical contract, fixture, function, and case pair successfully (52.188531ms)
✔ changed WASM hash and runtime address still pair as the configured benchmark (5.362689ms)
✔ different logical contracts do not pair, even at the same runtime address (3.580928ms)
✔ different functions do not pair within the same logical contract (5.222569ms)
✔ multiple cases of one function compare independently even when reordered (5.603606ms)
✔ removed case is reported even if its function still has other cases (3.93383ms)
✔ new case is reported even if its function already exists (2.802327ms)
✔ matched benchmark with higher CPU produces regression delta and percentage (2.252152ms)
✔ matched benchmark with lower CPU produces improvement delta and percentage (2.569931ms)
✔ multiple contracts remain independent even with the same WASM and address (5.224625ms)
✔ identical contract/case names in different fixture files do not pair (4.799528ms)
✔ existing fixture format derives stable identities from the full path and arguments (3.13132ms)
✔ same WASM basename in different directories does not match (1.6933ms)
✔ explicit fixture and contract IDs preserve comparison across path changes (2.125936ms)
✔ unconfigured cases use arguments, not invocation position (2.744632ms)
✔ argument object key order and type capitalization do not alter default case identity (24.649792ms)
✔ duplicate logical contracts or cases are rejected instead of overwritten (13.56653ms)
✔ blank explicit IDs and absolute fallback WASM paths are rejected (11.397276ms)
✔ legacy measurements pair by runtime address only, and never guess a mixed-schema match (5.794735ms)
✔ partial version 2 identities fail rather than falling back to runtime address (7.036608ms)
✔ strict threshold sees a changed-WASM regression and identifies its logical case (13.448077ms)
✔ reports show logical identity, both runtime addresses, independent cases, and additions/removals (615.811625ms)
Built hello-contract: /home/mxr/Documents/localRepo/Weighin/.stage7-work/tmp/weighin-build-test-Fsd7Pv/target/wasm32v1-none/release/hello_contract.wasm; SHA256 ed329ca3ea51d9310bbae0e2b594595dda73ff5b72ace36d1eda4a6391696473; stellar 28.1.0; rustc 1.95.0
Built first: /home/mxr/Documents/localRepo/Weighin/.stage7-work/tmp/weighin-build-test-MIYXpS/artifacts/first.wasm; SHA256 ed329ca3ea51d9310bbae0e2b594595dda73ff5b72ace36d1eda4a6391696473; stellar 28.1.0; rustc 1.95.0
Built second: /home/mxr/Documents/localRepo/Weighin/.stage7-work/tmp/weighin-build-test-MIYXpS/artifacts/second.wasm; SHA256 ed329ca3ea51d9310bbae0e2b594595dda73ff5b72ace36d1eda4a6391696473; stellar 28.1.0; rustc 1.95.0
Built first: /home/mxr/Documents/localRepo/Weighin/.stage7-work/tmp/weighin-build-test-MIYXpS/other/first.wasm; SHA256 ed329ca3ea51d9310bbae0e2b594595dda73ff5b72ace36d1eda4a6391696473; stellar 28.1.0; rustc 1.95.0
Built hello-contract: /home/mxr/Documents/localRepo/Weighin/.stage7-work/tmp/weighin-build-test-LCCaAQ/target/wasm32v1-none/release/hello_contract.wasm; SHA256 ed329ca3ea51d9310bbae0e2b594595dda73ff5b72ace36d1eda4a6391696473; stellar 28.1.0; rustc 1.95.0
Built hello-contract: /home/mxr/Documents/localRepo/Weighin/.stage7-work/tmp/weighin-build-test-LCCaAQ/target/wasm32-unknown-unknown/release/hello_contract.wasm; SHA256 ed329ca3ea51d9310bbae0e2b594595dda73ff5b72ace36d1eda4a6391696473; stellar 28.1.0; rustc 1.95.0
Built hello-contract: /home/mxr/Documents/localRepo/Weighin/.stage7-work/tmp/weighin-build-test-5KnfvB/target/wasm32v1-none/release/hello_contract.wasm; SHA256 ed329ca3ea51d9310bbae0e2b594595dda73ff5b72ace36d1eda4a6391696473; stellar 28.1.0; rustc 1.95.0
Built hello-contract: /home/mxr/Documents/localRepo/Weighin/.stage7-work/tmp/weighin-build-test-5KnfvB/target/wasm32v1-none/release/hello_contract.wasm; SHA256 ed329ca3ea51d9310bbae0e2b594595dda73ff5b72ace36d1eda4a6391696473; stellar 28.1.0; rustc 1.95.0
✔ modern optimized build replaces stale configured WASM with fresh selected-package output (314.961085ms)
✔ multiple workspace contracts select independent packages; repeated package aliases build once (259.083119ms)
✔ temporary migration alias receives the same fresh WASM from one modern build (331.215661ms)
✔ ambiguous Cargo packages are rejected before building (80.816919ms)
✔ unknown artifact basename is rejected before building any package (13.386828ms)
✔ build fails explicitly for missing CLI (30.524792ms)
✔ build fails explicitly for obsolete Rust (23.424065ms)
✔ build fails explicitly for obsolete CLI (41.324262ms)
✔ build fails explicitly for failed build (236.99776ms)
✔ build fails explicitly for missing output despite stale destination (76.242556ms)
✔ build fails explicitly for invalid WASM output (437.58316ms)
✔ build fails explicitly for optimization skipped (43.662764ms)
✔ every declared contract must have a manifest, even when another one is valid (74.19093ms)
✔ both revisions use verified isolated CLI temporary storage without changing caller environment (527.162865ms)
✔ storage flush fails before optimization (70.380413ms)
✔ storage contents are truncated before optimization (232.488123ms)
✔ storage flush fails after successful CLI exit (132.820613ms)
✔ missing caller temporary-storage directory fails visibly before optimization (96.667079ms)
✔ policy parser rejects scalar prototype traversal without polluting the process (591.226748ms)
✔ policy parser accepts supported named, decimal and absolute cap configurations (795.18883ms)
✔ public reviewer path resolves product documentation and retained evidence without internal notes (89.154239ms)
✔ README fixture and policy examples parse with the current public runtime API (78.482148ms)
✔ documented Action inputs, outputs and workflow snippets use supported names (510.667799ms)
✔ configuration rejects unsupported rules and typos even without regressions (70.74729ms)
✔ valid percentage policies handle exact caps and scientific numeric notation (13.805837ms)
✔ policy referring to an unpaired function cannot silently pass (5.296225ms)
✔ empty fixture suites and contracts are rejected; zero argument invocations remain valid (6.36092ms)
✔ Action exits 1 and reports failure for funding-exhausted (9602.516305ms)
✔ Action exits 1 and reports failure for rpc-unhealthy (6425.001999ms)
✔ Action exits 1 and reports failure for checkout (2553.7173ms)
✔ Action exits 1 and reports failure for worktree (2937.345629ms)
✔ Action exits 1 and reports failure for build (2681.642209ms)
✔ Action exits 1 and reports failure for measurement (1709.574796ms)
✔ Action exits 1 and reports failure for missing-fixtures (1103.056729ms)
✔ Action exits 1 and reports failure for schema (1184.799418ms)
✔ Action exits 1 and reports failure for provenance (1256.047107ms)
✔ Action exits 1 and reports failure for empty (1384.01512ms)
✔ Action exits 1 and reports failure for unmatched (1449.283755ms)
✔ Action exits 1 and reports failure for head-measurement (1222.305376ms)
✔ Action exits 1 and reports failure for head-fixtures (1279.501009ms)
✔ Action exits 1 and reports failure for malformed-fixtures (1217.073073ms)
✔ Action exits 1 and reports failure for empty-fixtures (1325.792422ms)
✔ Action fails malformed policy: not valid toml =  (1380.874617ms)
✔ Action fails malformed policy: [thresholds.functions.hello]
cpu_instructions="typo" (1234.445066ms)
✔ Action fails malformed policy: [thresholds.global]
fail_on_any_regression="false" (1383.235854ms)
✔ Action unchanged control and optional absent policy still pass; regression fails (6214.622312ms)
✔ direct historical path to stable ID has no match and must not guess by filename (101.111533ms)
✔ first migration retains the exact historical contract/function/case and adds a distinct stable identity (74.234917ms)
✔ strict policy still evaluates the matched historical benchmark during migration (30.456958ms)
✔ second migration can remove the bridge only when BASE already contains the stable ID (18.439253ms)
✔ a changed WASM/address regression remains comparable after bridge retirement (29.102682ms)
✔ bridge reports show the matched historical benchmark and the new stable identity explicitly (452.343434ms)
✔ unrelated contracts at the same basename do not gain a migration match (26.685717ms)
✔ saved live control evidence satisfies the scenario contract (697.902319ms)
✔ saved live regression evidence satisfies the scenario contract (22.30415ms)
✔ saved live threshold evidence satisfies the scenario contract (19.26446ms)
✔ an infrastructure exit 1 with no comparison cannot prove policy failure (56.028944ms)
✔ wrong exit code or output result cannot prove threshold failure (112.922435ms)
✔ unmatched, renamed or missing configured benchmarks cannot be silently accepted (101.036061ms)
✔ unchanged WASM or runtime identity cannot prove a changed-WASM regression (36.965942ms)
✔ a control resource change or unavailable CPU is rejected (18.666668ms)
✔ a threshold report must actually describe the CPU policy violation (5.877806ms)
✔ schema 3 pairs changed WASM/address and compares genuine measured CPU while retaining unavailable metrics (98.767561ms)
✔ unchanged measured CPU passes its policy despite unrelated unavailable metrics (55.823442ms)
✔ unavailable consumption is not confused with measured zero or improvement (16.115098ms)
✔ per-function, global caps and all-metric policies require availability; ignore explicitly opts out (95.710345ms)
✔ zero measured consumption is comparable and available (43.199151ms)
✔ negative/nonfinite/missing consumption and false unavailable zero records are rejected (139.084925ms)
✔ reports retain human identity, measured values, unavailable reasons and snapshot provenance (1053.490663ms)
✔ different protocol/config/helper/network/auth/seed provenance refuses comparison (66.600546ms)
✔ schema 3 requires provenance and never silently compares legacy source semantics (13.825088ms)
✔ fee-only configuration/metadata changes remain visible without invalidating unchanged compute calibration (14.868291ms)
✔ all six real cases map the native output and immutable captured caps to production metrics (238.353082ms)
✔ promoted consumption agrees directly with parity-accepted raw RPC fields and event XDR (193.488565ms)
✔ repeated reads and queried absence count distinct footprint keys; live Soroban disk bytes are measured zero (27.466053ms)
✔ no-op write charges a postimage; deletion retains RW footprint but has zero postimage bytes (16.08296ms)
✔ diagnostic events are excluded and return bytes contribute with no emitted contract event (6.201472ms)
✔ schema 4 control compares all eight measured fields and explicitly retains three unavailable metrics (221.779965ms)
✔ measured event count without independent network cap can fail a configured regression policy (86.217564ms)
✔ resource cap/source/availability changes refuse schema 4 comparison (39.532186ms)
✔ missing cap provenance/resource hash and schema 3 migration fail explicitly, including unmatched records (23.421315ms)
✔ schema 4 report distinguishes footprint, disk bytes, events plus return, no cap and unavailable metrics (223.776632ms)
✔ startup fails closed for unhealthy RPC (6261.874855ms)
✔ startup fails closed for metadata-only RPC (5108.066605ms)
✔ healthy RPC with persistent Friendbot failure does not report network readiness (3125.249222ms)
✔ startup reports readiness only after healthy RPC and account inclusion (2579.860588ms)
✔ package main loads the existing measurement API (3205.913028ms)
✔ declared CLI entry runs and fails clearly without producing results for missing fixtures (7489.221189ms)
✔ retained hosted control has intact sources, real exits and logical changed-WASM pairing (541.732756ms)
✔ retained hosted regression has intact sources, real exits and logical changed-WASM pairing (206.288939ms)
✔ retained hosted threshold has intact sources, real exits and logical changed-WASM pairing (108.581183ms)
✔ five unchanged measured samples produce stable min/max/range and keep unsupported values null (294.927649ms)
✔ a CPU increase is preserved as variance and a regression, rather than averaged away (348.42262ms)
✔ a decrease still marks repeatability variation even when no metric regresses (205.236071ms)
✔ different WASM with stable consumption is separately identified as artifact variation (178.115255ms)
✔ four samples, duplicate run numbers, changed source and nonempty target cannot prove five clean runs (56.23339ms)
✔ measurement/build hash disagreement and changed benchmark cases fail instead of disappearing from the series (33.098053ms)
✔ different compute calibration fails and full-config metadata drift is recorded independently of metric stability (135.872662ms)
✔ saved live evidence contains five separate empty-target builds of the exact saved source (326.328376ms)
✔ all 35 saved measurements link to real native inputs and matching raw RPC simulation values (556.331046ms)
✔ versioned transport accepts captured metered values and separate budget (170.656605ms)
✔ transport rejects missing/negative/nonfinite/string meters and unknown schema/version (79.191446ms)
✔ transport rejects malformed JSON and resource fields inconsistent with XDR (66.415603ms)
✔ helper exit failures do not produce successful or zero benchmark values (32.219451ms)
✔ helper diagnostic events cannot be accepted as charged contract events (216.623469ms)
✔ missing helper is an explicit provisioning failure (2.40504ms)
Deployer account confirmed in RPC: GCIWNTJV5YZXUI2RL4AGZ6TO2AWUL6UBRA2QSOINNFCG4VYCD26KF53O
WASM: /home/mxr/Documents/localRepo/Weighin/.stage7-work/tmp/weighin-simulation-test-lpkS3B/contract.wasm
WASM SHA256: 3b6130d18e134ad31a9b5ffcedefb4b74b1debcaef9454986106ffe956afe7cc
Contract ID: CD7CTJX3SBH4C4PBCA2EQKFSGAALX5H4N2T6SOVWDHTZ3JXFJAAYEYZM
Already deployed at CD7CTJX3SBH4C4PBCA2EQKFSGAALX5H4N2T6SOVWDHTZ3JXFJAAYEYZM
Simulating hello...
Deployer account confirmed in RPC: GCDQ2XV6H4VJDFKMOQKDKFGR6NUJZKTOC3P5SDPVKSIKH5YLFQYMAL2Q
WASM: /home/mxr/Documents/localRepo/Weighin/.stage7-work/tmp/weighin-simulation-test-drGw81/contract.wasm
WASM SHA256: 3b6130d18e134ad31a9b5ffcedefb4b74b1debcaef9454986106ffe956afe7cc
Contract ID: CDYM5QHPZLBN3CJ37DNXMY4QHZODQNGH2NZQPBE574WGQK2DAEYS5OPH
Already deployed at CDYM5QHPZLBN3CJ37DNXMY4QHZODQNGH2NZQPBE574WGQK2DAEYS5OPH
Simulating hello...
Deployer account confirmed in RPC: GDC73UTVC4D3P7QAAPAWLCFHIICAT2D6SNUB7BYZN7DZKHULIJFY7Q3A
WASM: /home/mxr/Documents/localRepo/Weighin/.stage7-work/tmp/weighin-simulation-test-PGDE0W/contract.wasm
WASM SHA256: 3b6130d18e134ad31a9b5ffcedefb4b74b1debcaef9454986106ffe956afe7cc
Contract ID: CAHEXCZWCV74LC6CCSCVPRQ5XUCXPOMCGMNXMMN3WP3LMMJ7243EK5YF
Already deployed at CAHEXCZWCV74LC6CCSCVPRQ5XUCXPOMCGMNXMMN3WP3LMMJ7243EK5YF
Simulating hello...
Deployer account confirmed in RPC: GAYEOKTCZSXKKFQ2IJPRNCCSTYQKTYTSOFN2EPEN75P3XB7Q56F3XNMM
WASM: /home/mxr/Documents/localRepo/Weighin/.stage7-work/tmp/weighin-simulation-test-GfCN8C/contract.wasm
WASM SHA256: 3b6130d18e134ad31a9b5ffcedefb4b74b1debcaef9454986106ffe956afe7cc
Contract ID: CB4L6AW6HFRH4CXZIZZIYDBI2AXIHADO3PIV3GYIF2XGLVEVNR27HYP5
Already deployed at CB4L6AW6HFRH4CXZIZZIYDBI2AXIHADO3PIV3GYIF2XGLVEVNR27HYP5
Simulating hello...
Deployer account confirmed in RPC: GD6SZ6ZI3EOE6YKRMROG5GSLPGNQQE5W7X2CYM7DI2GICXCGMIPF2OSW
WASM: /home/mxr/Documents/localRepo/Weighin/.stage7-work/tmp/weighin-simulation-test-qm5MmO/contract.wasm
WASM SHA256: 3b6130d18e134ad31a9b5ffcedefb4b74b1debcaef9454986106ffe956afe7cc
Contract ID: CCNROQEQPVKMI2G7IUAS4UX2NDC5WMZ7QSTGJUACQBQAQWYD5CBL56PU
Already deployed at CCNROQEQPVKMI2G7IUAS4UX2NDC5WMZ7QSTGJUACQBQAQWYD5CBL56PU
Simulating hello...
Deployer account confirmed in RPC: GCI3NHZX2LDHDOWUR3WLBVUHAYYP64QQNMKP2D5MJABVRWO2Q7H5G2TF
WASM: /home/mxr/Documents/localRepo/Weighin/.stage7-work/tmp/weighin-simulation-test-Armixg/contract.wasm
WASM SHA256: 3b6130d18e134ad31a9b5ffcedefb4b74b1debcaef9454986106ffe956afe7cc
Contract ID: CBQIDLOH75EMBK3K2UR2MR7ZC2UGTYZOAV7GFFD7J5JAVU25P6QLUOGT
Already deployed at CBQIDLOH75EMBK3K2UR2MR7ZC2UGTYZOAV7GFFD7J5JAVU25P6QLUOGT
Simulating hello...
✔ the live unchanged control has identical transaction resource fields (11.509388ms)
✔ the same live invocation has a different instruction budget when leeway changes (16.735427ms)
✔ base: captured successful RPC response survives SDK parsing without compute consumption (16.019058ms)
✔ head: captured successful RPC response survives SDK parsing without compute consumption (5.245118ms)
✔ captured raw and SDK parsed IO resource values agree exactly (5.113682ms)
✔ base: missing native helper fails explicitly and produces no benchmark (1182.928824ms)
✔ head: missing native helper fails explicitly and produces no benchmark (164.381428ms)
✔ a larger transaction instruction budget cannot masquerade as measured CPU (26.813159ms)
✔ legacy cost values are not trusted as an unverified consumption source (23.311001ms)
✔ simulation errors retain their original failure reason (23.040976ms)
✔ a response without transaction data fails before attempting metric extraction (20.546417ms)
✔ observed ledger-read failure recovers by re-simulating and returning only the new snapshot (151.699066ms)
✔ three transient read failures recover on the fourth complete capture with bounded delays (129.417003ms)
✔ persistent observed errors exhaust retries and return no successful or zero-valued measurement (48.434306ms)
✔ a failure after a successful first batch discards its rows before the next full capture (2394.614854ms)
✔ unrelated RPC codes/messages and HTTP 404 fail immediately without recovery (13.52391ms)
✔ the same error from simulation or ledger-header RPC is not treated as a snapshot-read failure (14.42577ms)
✔ malformed ledger rows, header disagreement and native parity disagreement still fail closed (35.660656ms)
✔ ledger drift still recaptures, and transient failures do not bypass the fresh-ledger guard (27.602176ms)
✔ transient errors cannot extend the existing 30-capture budget (89.677567ms)
✔ recovery does not permit a subsequent native/RPC parity disagreement (30.634165ms)
ℹ tests 186
ℹ suites 0
ℹ pass 186
ℹ fail 0
ℹ cancelled 0
ℹ skipped 0
ℹ todo 0
ℹ duration_ms 50025.352909

> weighin@1.0.0 test:vitest
> vitest run test/*.test.ts


 RUN  v4.1.11 /home/mxr/Documents/localRepo/Weighin/.stage6-delivery

Executing custom build command in /base
skip-build is enabled; using configured precompiled WASM
Executing custom build command in /head
Wrote Markdown report to /home/mxr/Documents/localRepo/Weighin/.stage7-work/tmp/weighin-test-s9Cd4A/report.md
Wrote Markdown report to /home/mxr/Documents/localRepo/Weighin/.stage7-work/tmp/weighin-test-GGXYFj/nested/deep/report.md

 Test Files  9 passed (9)
      Tests  52 passed (52)
   Start at  14:39:02
   Duration  7.95s (transform 7.63s, setup 0ms, import 20.01s, tests 1.93s, environment 10ms)

