
> weighin@1.0.0 test:native
> npm run build && npm run build:helper && node --test tests/native/*.test.cjs


> weighin@1.0.0 build
> tsc


> weighin@1.0.0 build:helper
> cargo +1.95.0 build --release --locked --manifest-path native/simulation/Cargo.toml --target-dir native/simulation/target --target x86_64-unknown-linux-gnu

   Compiling proc-macro2 v1.0.107
   Compiling unicode-ident v1.0.26
   Compiling quote v1.0.47
   Compiling version_check v0.9.5
   Compiling typenum v1.20.1
   Compiling syn v2.0.119
   Compiling syn v3.0.6
   Compiling generic-array v0.14.9
   Compiling cfg-if v1.0.5
   Compiling subtle v2.6.1
   Compiling serde_core v1.0.229
   Compiling const-oid v0.9.6
   Compiling libc v0.2.190
   Compiling zmij v1.0.23
   Compiling getrandom v0.2.17
   Compiling zeroize_derive v1.5.0
   Compiling autocfg v1.5.1
   Compiling serde v1.0.229
   Compiling zeroize v1.9.1
   Compiling serde_json v1.0.151
   Compiling rand_core v0.6.4
   Compiling crypto-common v0.1.6
   Compiling block-buffer v0.10.4
   Compiling digest v0.10.7
   Compiling serde_derive v1.0.229
   Compiling itoa v1.0.18
   Compiling memchr v2.8.3
   Compiling num-traits v0.2.19
   Compiling zerocopy v0.8.61
   Compiling crate-git-revision v0.0.9
   Compiling paste v1.0.15
   Compiling crate-git-revision v0.0.6
   Compiling stellar-strkey v0.0.13
   Compiling semver v1.0.28
   Compiling rustc_version v0.4.1
   Compiling num-integer v0.1.47
   Compiling ppv-lite86 v0.2.21
   Compiling rand_chacha v0.3.1
   Compiling rand v0.8.8
   Compiling enum-ordinalize-derive v4.4.2
   Compiling cpufeatures v0.2.17
   Compiling enum-ordinalize v4.4.2
   Compiling ark-std v0.5.0
   Compiling num-bigint v0.4.8
   Compiling ff v0.13.1
   Compiling der v0.7.10
   Compiling ark-serialize-derive v0.5.0
   Compiling ahash v0.8.12
   Compiling either v1.19.0
   Compiling arrayvec v0.7.8
   Compiling base16ct v0.2.0
   Compiling sec1 v0.7.3
   Compiling ark-serialize v0.5.0
   Compiling itertools v0.13.0
   Compiling group v0.13.0
   Compiling ark-ff-macros v0.5.0
   Compiling educe v0.6.0
   Compiling sha2 v0.10.9
   Compiling signature v2.2.0
   Compiling crypto-bigint v0.5.5
   Compiling ark-ff-asm v0.5.0
   Compiling once_cell v1.21.4
   Compiling allocator-api2 v0.2.21
   Compiling libm v0.2.16
   Compiling hashbrown v0.15.5
   Compiling elliptic-curve v0.13.8
   Compiling ark-ff v0.5.0
   Compiling stellar-xdr v28.0.0
   Compiling hmac v0.12.1
   Compiling hybrid-array v0.4.15
   Compiling data-encoding v2.11.1
   Compiling rfc6979 v0.4.0
   Compiling curve25519-dalek v4.1.3
   Compiling curve25519-dalek-derive v0.1.1
   Compiling derive_arbitrary v1.4.2
   Compiling escape-bytes v0.1.1
   Compiling downcast-rs v1.2.1
   Compiling equivalent v1.0.2
   Compiling hex v0.4.3
   Compiling hashbrown v0.17.1
   Compiling ethnum v1.5.3
   Compiling indexmap-nostd v0.4.0
   Compiling wasmparser-nostd v0.100.2
   Compiling ark-poly v0.5.0
   Compiling ark-ec v0.5.0
   Compiling indexmap v2.14.2
   Compiling wasmi_core v0.13.0
   Compiling arbitrary v1.4.2
   Compiling ecdsa v0.16.9
   Compiling block-buffer v0.12.1
   Compiling crypto-common v0.2.2
   Compiling curve25519-dalek v5.0.0
   Compiling soroban-env-common v28.0.1
   Compiling smallvec v1.16.2
   Compiling wasmi_arena v0.4.1
   Compiling spin v0.9.9
   Compiling base64 v0.22.1
   Compiling soroban-wasmi v0.31.1-soroban.20.0.1
   Compiling wasmparser v0.116.1
   Compiling digest v0.11.3
   Compiling soroban-env-macros v28.0.1
   Compiling primeorder v0.13.6
   Compiling ed25519 v2.2.3
   Compiling num-derive v0.4.2
   Compiling static_assertions v1.1.0
   Compiling soroban-env-host v28.0.1
   Compiling anyhow v1.0.104
   Compiling thiserror v1.0.69
   Compiling keccak v0.1.6
   Compiling cpufeatures v0.3.1
   Compiling sha3 v0.10.9
   Compiling ed25519-dalek v2.2.0
   Compiling p256 v0.13.2
   Compiling k256 v0.13.4
   Compiling ark-bls12-381 v0.5.0
   Compiling ark-bn254 v0.5.0
   Compiling soroban-builtin-sdk-macros v28.0.1
   Compiling thiserror-impl v1.0.69
   Compiling hex-literal v0.4.1
   Compiling soroban-simulation v28.0.1
   Compiling weighin-simulation v0.0.0 (/home/mxr/Documents/localRepo/Weighin/.stage6-delivery/native/simulation)
    Finished `release` profile [optimized] target(s) in 13m 48s
✔ real captured id:read-missing-repeat snapshot reproduces metered compute, IO and event XDR independently of instruction leeway (28.536989ms)
✔ real captured id:noop-write snapshot reproduces metered compute, IO and event XDR independently of instruction leeway (12.146958ms)
✔ real captured id:delete snapshot reproduces metered compute, IO and event XDR independently of instruction leeway (10.36869ms)
✔ real captured id:event snapshot reproduces metered compute, IO and event XDR independently of instruction leeway (10.126084ms)
✔ real captured id:classic-read snapshot reproduces metered compute, IO and event XDR independently of instruction leeway (10.679424ms)
✔ real captured id:large-return snapshot reproduces metered compute, IO and event XDR independently of instruction leeway (10.78254ms)
✔ base: real native source reproduces saved consumed compute five times, independently of leeway (44.726885ms)
✔ head: real native source reproduces saved consumed compute five times, independently of leeway (26.736343ms)
✔ real helper rejects missing config, uncaptured state, failed calls, protocol mismatch and malformed seed (18.99653ms)
✔ production snapshot adapter measures real captured invocation and emits provenance (48.502968ms)
✔ ledger drift retries the entire capture before measuring (29.547025ms)
✔ protocol mismatch and missing extension metadata fail explicitly (2.381477ms)
✔ captured-state/local result disagreement is rejected rather than blended with RPC values (6.548522ms)
✔ resource caps come from captured settings and fee-only changes do not alter their identity (118.1625ms)
✔ RPC charged-event disagreement fails even when return value and transaction data agree (6.925414ms)
ℹ tests 15
ℹ suites 0
ℹ pass 15
ℹ fail 0
ℹ cancelled 0
ℹ skipped 0
ℹ todo 0
ℹ duration_ms 600.453852
