Base ref:   main
RPC URL:    http://localhost:8000/rpc
Fixtures:   weighin-fixtures.json
Key file:   /home/mxr/Documents/localRepo/Weighin/.stage7-work/tmp/weighin-flagship-private-WciJml/runner/weighin-deployer.key
Checking RPC health at http://localhost:8000/rpc ...
RPC healthy — network: Standalone Network ; February 2017
::group::Building + measuring HEAD
HEAD SHA: 21162a1234abe061943f4217c9612296fbde43a2
ℹ️  CARGO_BUILD_RUSTFLAGS=--remap-path-prefix=/home/mxr/.cargo/registry/src= SOROBAN_SDK_BUILD_SYSTEM_SUPPORTS_SPEC_SHAKING_V2=1 STELLAR_CLI_VERSION=28.1.0 cargo rustc --locked --manifest-path=Cargo.toml --crate-type=cdylib --target=wasm32v1-none --release
   Compiling contract_test v0.1.0 (/home/mxr/Documents/localRepo/Weighin/.stage7-work/tmp/weighin-flagship-private-WciJml/project/contract)
    Finished `release` profile [optimized] target(s) in 0.16s
ℹ️  Build Summary:
    Wasm File: /home/mxr/Documents/localRepo/Weighin/.stage7-work/tmp/weighin-flagship-private-WciJml/runner/weighin-build-i2clwA/contract_test.wasm (871 bytes optimized (original size was 1181 bytes))
    Wasm Hash: 5878fa37dfcec8eaebc72111dfdbfa92447cb735bd88d23dcaf0e8edf9f7f3e8
    Wasm Size: 871 bytes optimized (original size was 1181 bytes)
    Exported Functions: 1 found
      • hello
✅ Build Complete

Built contract_test: /home/mxr/Documents/localRepo/Weighin/.stage7-work/tmp/weighin-flagship-private-WciJml/project/contract/target/wasm32v1-none/release/contract_test.wasm; SHA256 5878fa37dfcec8eaebc72111dfdbfa92447cb735bd88d23dcaf0e8edf9f7f3e8; stellar 28.1.0 (c0f4d0da891bbf214c08b8c5035ae6db80e9a3bd)
stellar-xdr 28.0.0 (d0f1330e43c3a2c0c616da30698b24140d4eea72)
xdr (9c9c145953e80990d6ff1ae3a6a973a0ce6d0694); rustc 1.95.0 (59807616e 2026-04-14)
Built contract_test: /home/mxr/Documents/localRepo/Weighin/.stage7-work/tmp/weighin-flagship-private-WciJml/project/contract/target/wasm32-unknown-unknown/release/contract_test.wasm; SHA256 5878fa37dfcec8eaebc72111dfdbfa92447cb735bd88d23dcaf0e8edf9f7f3e8; stellar 28.1.0 (c0f4d0da891bbf214c08b8c5035ae6db80e9a3bd)
stellar-xdr 28.0.0 (d0f1330e43c3a2c0c616da30698b24140d4eea72)
xdr (9c9c145953e80990d6ff1ae3a6a973a0ce6d0694); rustc 1.95.0 (59807616e 2026-04-14)
Funding deployer account: GAVXNAW6DPYWQDFBPVLRINEPLZLA2BYV6RSZSA4HJ2LSO75KWIKWPIDF via friendbot...
Deployer account confirmed in RPC: GAVXNAW6DPYWQDFBPVLRINEPLZLA2BYV6RSZSA4HJ2LSO75KWIKWPIDF
WASM: /home/mxr/Documents/localRepo/Weighin/.stage7-work/tmp/weighin-flagship-private-WciJml/project/contract/target/wasm32v1-none/release/contract_test.wasm
WASM SHA256: 5878fa37dfcec8eaebc72111dfdbfa92447cb735bd88d23dcaf0e8edf9f7f3e8
Contract ID: CA7EPJIQEBWP35YTOKQBAFRKBO4ZSK5XC66XFM7R3PRBM36BZGGLBU46
Installing WASM...
WASM installed. Deploying contract instance...
Deployed at CA7EPJIQEBWP35YTOKQBAFRKBO4ZSK5XC66XFM7R3PRBM36BZGGLBU46
Simulating hello...
WASM: /home/mxr/Documents/localRepo/Weighin/.stage7-work/tmp/weighin-flagship-private-WciJml/project/contract/target/wasm32-unknown-unknown/release/contract_test.wasm
WASM SHA256: 5878fa37dfcec8eaebc72111dfdbfa92447cb735bd88d23dcaf0e8edf9f7f3e8
Contract ID: CA7EPJIQEBWP35YTOKQBAFRKBO4ZSK5XC66XFM7R3PRBM36BZGGLBU46
Already deployed at CA7EPJIQEBWP35YTOKQBAFRKBO4ZSK5XC66XFM7R3PRBM36BZGGLBU46
Simulating hello...
::endgroup::
[HEAD] WASM SHA256 (hello): 5878fa37dfcec8eaebc72111dfdbfa92447cb735bd88d23dcaf0e8edf9f7f3e8
[HEAD] WASM SHA256 (hello): 5878fa37dfcec8eaebc72111dfdbfa92447cb735bd88d23dcaf0e8edf9f7f3e8
::group::Building + measuring base (main)
[command]/usr/bin/git fetch --depth=1 origin main
From /home/mxr/Documents/localRepo/Weighin/.stage7-work/tmp/weighin-flagship-private-WciJml/origin
 * branch            main       -> FETCH_HEAD
 * [new branch]      main       -> origin/main
Checking out main into /home/mxr/Documents/localRepo/Weighin/.stage7-work/tmp/weighin-flagship-private-WciJml/runner/weighin-base-HwoNZA
[command]/usr/bin/git worktree add --detach /home/mxr/Documents/localRepo/Weighin/.stage7-work/tmp/weighin-flagship-private-WciJml/runner/weighin-base-HwoNZA FETCH_HEAD
Preparing worktree (detached HEAD e2af0dd)
HEAD is now at e2af0dd Isolated reference BASE
base SHA: e2af0ddf8e959f599c9f12141cafb5997b86faaa
ℹ️  CARGO_BUILD_RUSTFLAGS=--remap-path-prefix=/home/mxr/.cargo/registry/src= SOROBAN_SDK_BUILD_SYSTEM_SUPPORTS_SPEC_SHAKING_V2=1 STELLAR_CLI_VERSION=28.1.0 cargo rustc --locked --manifest-path=Cargo.toml --crate-type=cdylib --target=wasm32v1-none --release
   Compiling contract_test v0.1.0 (/home/mxr/Documents/localRepo/Weighin/.stage7-work/tmp/weighin-flagship-private-WciJml/runner/weighin-base-HwoNZA/contract)
    Finished `release` profile [optimized] target(s) in 0.17s
ℹ️  Build Summary:
    Wasm File: /home/mxr/Documents/localRepo/Weighin/.stage7-work/tmp/weighin-flagship-private-WciJml/runner/weighin-build-2WoKra/contract_test.wasm (776 bytes optimized (original size was 986 bytes))
    Wasm Hash: 718ba18378a2d94ec7bf0c75b3813c7d0bb5b65beb2fb4c445b3a4726ecd5668
    Wasm Size: 776 bytes optimized (original size was 986 bytes)
    Exported Functions: 1 found
      • hello
✅ Build Complete

Built contract_test: /home/mxr/Documents/localRepo/Weighin/.stage7-work/tmp/weighin-flagship-private-WciJml/runner/weighin-base-HwoNZA/contract/target/wasm32v1-none/release/contract_test.wasm; SHA256 718ba18378a2d94ec7bf0c75b3813c7d0bb5b65beb2fb4c445b3a4726ecd5668; stellar 28.1.0 (c0f4d0da891bbf214c08b8c5035ae6db80e9a3bd)
stellar-xdr 28.0.0 (d0f1330e43c3a2c0c616da30698b24140d4eea72)
xdr (9c9c145953e80990d6ff1ae3a6a973a0ce6d0694); rustc 1.95.0 (59807616e 2026-04-14)
Built contract_test: /home/mxr/Documents/localRepo/Weighin/.stage7-work/tmp/weighin-flagship-private-WciJml/runner/weighin-base-HwoNZA/contract/target/wasm32-unknown-unknown/release/contract_test.wasm; SHA256 718ba18378a2d94ec7bf0c75b3813c7d0bb5b65beb2fb4c445b3a4726ecd5668; stellar 28.1.0 (c0f4d0da891bbf214c08b8c5035ae6db80e9a3bd)
stellar-xdr 28.0.0 (d0f1330e43c3a2c0c616da30698b24140d4eea72)
xdr (9c9c145953e80990d6ff1ae3a6a973a0ce6d0694); rustc 1.95.0 (59807616e 2026-04-14)
Deployer account confirmed in RPC: GAVXNAW6DPYWQDFBPVLRINEPLZLA2BYV6RSZSA4HJ2LSO75KWIKWPIDF
WASM: /home/mxr/Documents/localRepo/Weighin/.stage7-work/tmp/weighin-flagship-private-WciJml/runner/weighin-base-HwoNZA/contract/target/wasm32v1-none/release/contract_test.wasm
WASM SHA256: 718ba18378a2d94ec7bf0c75b3813c7d0bb5b65beb2fb4c445b3a4726ecd5668
Contract ID: CDYVBR7FJDCVCURW5SWO45SUMPLP4OLBJPPD657OEO3STED56GY7OPSX
Installing WASM...
WASM installed. Deploying contract instance...
Deployed at CDYVBR7FJDCVCURW5SWO45SUMPLP4OLBJPPD657OEO3STED56GY7OPSX
Simulating hello...
WASM: /home/mxr/Documents/localRepo/Weighin/.stage7-work/tmp/weighin-flagship-private-WciJml/runner/weighin-base-HwoNZA/contract/target/wasm32-unknown-unknown/release/contract_test.wasm
WASM SHA256: 718ba18378a2d94ec7bf0c75b3813c7d0bb5b65beb2fb4c445b3a4726ecd5668
Contract ID: CDYVBR7FJDCVCURW5SWO45SUMPLP4OLBJPPD657OEO3STED56GY7OPSX
Already deployed at CDYVBR7FJDCVCURW5SWO45SUMPLP4OLBJPPD657OEO3STED56GY7OPSX
Simulating hello...
[BASE] WASM SHA256 (hello): 718ba18378a2d94ec7bf0c75b3813c7d0bb5b65beb2fb4c445b3a4726ecd5668
[BASE] WASM SHA256 (hello): 718ba18378a2d94ec7bf0c75b3813c7d0bb5b65beb2fb4c445b3a4726ecd5668
[command]/usr/bin/git worktree remove --force /home/mxr/Documents/localRepo/Weighin/.stage7-work/tmp/weighin-flagship-private-WciJml/runner/weighin-base-HwoNZA
::endgroup::
::group::Computing diff
Any regression: true
::endgroup::
::group::Enforcing thresholds
weighin.toml loaded
Violations: 2
::error::[path:weighin-fixtures.json / id:reference-contract / hello / args:[{"type":"symbol","value":"world"}]] cpu_instructions increased by 42329 (strict zero tolerance)
::error::[path:weighin-fixtures.json / wasm:contract/target/wasm32-unknown-unknown/release/contract_test.wasm / hello / args:[{"type":"symbol","value":"world"}]] cpu_instructions increased by 42329 (strict zero tolerance)
::endgroup::
::error::2 threshold violation(s) detected

(node:480375) [DEP0005] DeprecationWarning: Buffer() is deprecated due to security and usability issues. Please use the Buffer.alloc(), Buffer.allocUnsafe(), or Buffer.from() methods instead.
(Use `node --trace-deprecation ...` to show where the warning was created)

