postgres password: FvCLn3wDXzJnVVQw
finalize-pgpass: ok
init-postgres: ok
postgres: up
create-horizon-db: ok
stellar-postgres-user: ok
mkdir-core-log: ok
chown-core-log: ok
chown-core: ok
finalize-core-config-manual-close: ok
finalize-core-config-database: ok
init-core-db: ok
init-core-scp: ok
mkdir-history-archive: ok
chown-history-archive: ok
init-history: ok
finalize-horizon-captivecore-db: ok
finalize-horizon-captivecore-config-enable-soroban-diagnostic-events: ok
chown-horizon: ok
init-horizon-db: ok
finalize-stellar-rpc-captivecore-db: ok
finalize-stellar-rpc-captivecore-config-enable-soroban-diagnostic-events: ok
init-stellar-rpc: ok
postgres: down
supervisor: starting
horizon: waiting for ingestion to catch up...
stellar-rpc: waiting for ready state...
supervisor: 2026-10-08 07:06:09,670 INFO Included extra file "/opt/stellar/supervisor/etc/supervisord.conf.d/friendbot.conf" during parsing
supervisor: 2026-10-08 07:06:09,670 INFO Included extra file "/opt/stellar/supervisor/etc/supervisord.conf.d/galexie.conf" during parsing
supervisor: 2026-10-08 07:06:09,671 INFO Included extra file "/opt/stellar/supervisor/etc/supervisord.conf.d/history-archive.conf" during parsing
supervisor: 2026-10-08 07:06:09,671 INFO Included extra file "/opt/stellar/supervisor/etc/supervisord.conf.d/horizon.conf" during parsing
supervisor: 2026-10-08 07:06:09,671 INFO Included extra file "/opt/stellar/supervisor/etc/supervisord.conf.d/ledger-meta-store.conf" during parsing
supervisor: 2026-10-08 07:06:09,671 INFO Included extra file "/opt/stellar/supervisor/etc/supervisord.conf.d/nginx.conf" during parsing
supervisor: 2026-10-08 07:06:09,671 INFO Included extra file "/opt/stellar/supervisor/etc/supervisord.conf.d/postgresql.conf" during parsing
supervisor: 2026-10-08 07:06:09,671 INFO Included extra file "/opt/stellar/supervisor/etc/supervisord.conf.d/stellar-core.conf" during parsing
supervisor: 2026-10-08 07:06:09,671 INFO Included extra file "/opt/stellar/supervisor/etc/supervisord.conf.d/stellar-lab.conf" during parsing
supervisor: 2026-10-08 07:06:09,671 INFO Included extra file "/opt/stellar/supervisor/etc/supervisord.conf.d/stellar-rpc.conf" during parsing
supervisor: 2026-10-08 07:06:09,671 INFO Set uid to user 0 succeeded
supervisor: 2026-10-08 07:06:09,697 INFO RPC interface 'supervisor' initialized
supervisor: 2026-10-08 07:06:09,697 CRIT Server 'inet_http_server' running without any HTTP authentication checking
supervisor: 2026-10-08 07:06:09,698 INFO supervisord started with pid 1
supervisor: 2026-10-08 07:06:10,704 INFO spawned: 'history-archive' with pid 338
supervisor: 2026-10-08 07:06:10,708 INFO spawned: 'nginx' with pid 339
supervisor: 2026-10-08 07:06:10,709 INFO reaped unknown pid 285 (exit status 0)
supervisor: 2026-10-08 07:06:11,950 INFO success: history-archive entered RUNNING state, process has stayed up for > than 1 seconds (startsecs)
supervisor: 2026-10-08 07:06:11,950 INFO success: nginx entered RUNNING state, process has stayed up for > than 1 seconds (startsecs)
supervisor: 2026-10-08 07:06:11,960 INFO spawned: 'stellar-core' with pid 361
upgrades: protocolversion=28, basereserve=5000000
stellar-core(node): Synced!; Armed with network upgrades: upgradetime=1970-01-01T00:00:00Z, protocolversion=28, basereserve=5000000
supervisor: 2026-10-08 07:06:13,720 INFO success: stellar-core entered RUNNING state, process has stayed up for > than 1 seconds (startsecs)
stellar-core: started
upgrades: protocolversion done
stellar-core(node): Synced!
upgrades: soroban config: restore contract: bdd3c5993d521567bdafeb91a2e93603feba72bfcc9b3e40f9aca27c2aae23d7 .. PENDING
supervisor: 2026-10-08 07:06:14,444 INFO spawned: 'postgresql' with pid 481
upgrades: soroban config: install contract: 5f9144833e1b8586f05bfb32984c06065b5df1930b7f4f234cb0f910497ecd39 .. PENDING
supervisor: 2026-10-08 07:06:15,745 INFO success: postgresql entered RUNNING state, process has stayed up for > than 1 seconds (startsecs)
postgresql: started
supervisor: 2026-10-08 07:06:16,469 INFO spawned: 'horizon' with pid 549
upgrades: soroban config: deploy contract: dce945bb303f91467794cd763556294fddbd67a02f099bbb94d22367c66409a7 .. PENDING
stellar-core(node): Synced!; Publishing 1 queued checkpoints [7-7]: Waiting before starting Ready to run: resolve-snapshot
upgrades: soroban config: upload config: 12670df3d1239e82646cdcc7bcb5da6cdb6d5a0282996ffe0cb7ac784e420947 .. PENDING
supervisor: 2026-10-08 07:06:18,154 INFO success: horizon entered RUNNING state, process has stayed up for > than 1 seconds (startsecs)
horizon: started
stellar-core(node): Synced!; Publishing 1 queued checkpoints [7-7]: Waiting: resolve-snapshot
upgrades: soroban config: set config with key: OI8h0erMWJVYwjlf1IE1vgUIDxLSYVVi3FntH7VYOE1+QwV4hFVhyNAny47QGG6oYwPzugi7Degcv0Yhn64AHA==

upgrades: soroban config done
upgrades: soroban config 'testnet' limits
supervisor: 2026-10-08 07:06:18,839 INFO spawned: 'stellar-rpc' with pid 685
upgrades: soroban config: restore contract: 1e8cfae0ad028ca51be930aafdecbdc8129f5953cc2d4eff645df45e4d331cad .. PENDING
stellar-core(node): Synced!
upgrades: soroban config: install contract: 117dc071167027fb442e788c85606a272518cc361e19bc35ba2c81bcbc23aa53 .. PENDING
supervisor: 2026-10-08 07:06:20,167 INFO success: stellar-rpc entered RUNNING state, process has stayed up for > than 1 seconds (startsecs)
stellar-rpc: started
stellar-core(rpc): Joining SCP
supervisor: 2026-10-08 07:06:20,343 INFO reaped unknown pid 286 (exit status 0)
upgrades: soroban config: deploy contract: c6fd32b9cc8350dc48c9f95182bc5d8880848fc92d574a2ab4eb201b8ecc5848 .. PENDING
stellar-core(horizon): Joining SCP
upgrades: soroban config: upload config: 4c2364f23f69193cd8e8307d0f1cb4119a9a17f8a1933577b74428d3d7850cd6 .. PENDING
stellar-core(rpc): Synced!
stellar-core(horizon): Synced!
upgrades: soroban config: set config with key: fJ7BjqLADbq/pvOPpSUwzf/u+pu9M20RZ8iJGj9ie1Q14Ih416Tucp0u/305RCsMD/hef7zRFVTSRlAgTkgKww==

upgrades: soroban config done
stellar-rpc: up and ready
supervisor: 2026-10-08 07:06:24,034 INFO reaped unknown pid 297 (exit status 0)
supervisor: 2026-10-08 07:06:24,039 INFO spawned: 'friendbot' with pid 1132
supervisor: 2026-10-08 07:06:25,038 INFO success: friendbot entered RUNNING state, process has stayed up for > than 1 seconds (startsecs)
friendbot: started
supervisor: 2026-10-08 07:06:25,187 INFO reaped unknown pid 284 (exit status 0)
stellar-core(node): Synced!; Publishing 1 queued checkpoints [15-15]: Waiting before starting Ready to run: resolve-snapshot
stellar-core(node): Synced!; Publishing 1 queued checkpoints [15-15]: Waiting: resolve-snapshot
stellar-core(node): Synced!
horizon: ingestion caught up
supervisor: 2026-10-08 07:06:29,084 INFO reaped unknown pid 293 (exit status 0)
stellar-core(node): Synced!; Publishing 1 queued checkpoints [23-23]: Waiting before starting Ready to run: resolve-snapshot
stellar-core(node): Synced!; Publishing 1 queued checkpoints [23-23]: Waiting: resolve-snapshot
stellar-core(node): Synced!
stellar-core(node): Synced!; Publishing 1 queued checkpoints [31-31]: Waiting before starting Ready to run: resolve-snapshot
