Base ref:   main
RPC URL:    http://localhost:8000/rpc
Fixtures:   weighin-fixtures.json
Key file:   /tmp/weighin-flagship-private-NfoN7s/runner/weighin-deployer.key
Checking RPC health at http://localhost:8000/rpc ...
RPC healthy — network: Standalone Network ; February 2017
::group::Building + measuring HEAD
HEAD SHA: a20fc936f334f522071ea49f4f1d20b72806ca46
ℹ️  CARGO_BUILD_RUSTFLAGS=--remap-path-prefix=/home/mxr/.cargo/registry/src= SOROBAN_SDK_BUILD_SYSTEM_SUPPORTS_SPEC_SHAKING_V2=1 STELLAR_CLI_VERSION=28.1.0 cargo rustc --locked --manifest-path=Cargo.toml --crate-type=cdylib --target=wasm32v1-none --release
   Compiling contract_test v0.1.0 (/tmp/weighin-flagship-private-NfoN7s/project/contract)
    Finished `release` profile [optimized] target(s) in 4.91s
ℹ️  Build Summary:
    Wasm File: /tmp/weighin-flagship-private-NfoN7s/runner/weighin-build-so78vO/contract_test.wasm (776 bytes optimized (original size was 986 bytes))
    Wasm Hash: 718ba18378a2d94ec7bf0c75b3813c7d0bb5b65beb2fb4c445b3a4726ecd5668
    Wasm Size: 776 bytes optimized (original size was 986 bytes)
    Exported Functions: 1 found
      • hello
✅ Build Complete

Built contract_test: /tmp/weighin-flagship-private-NfoN7s/project/contract/target/wasm32v1-none/release/contract_test.wasm; SHA256 718ba18378a2d94ec7bf0c75b3813c7d0bb5b65beb2fb4c445b3a4726ecd5668; stellar 28.1.0 (c0f4d0da891bbf214c08b8c5035ae6db80e9a3bd)
stellar-xdr 28.0.0 (d0f1330e43c3a2c0c616da30698b24140d4eea72)
xdr (9c9c145953e80990d6ff1ae3a6a973a0ce6d0694); rustc 1.95.0 (59807616e 2026-04-14)
Built contract_test: /tmp/weighin-flagship-private-NfoN7s/project/contract/target/wasm32-unknown-unknown/release/contract_test.wasm; SHA256 718ba18378a2d94ec7bf0c75b3813c7d0bb5b65beb2fb4c445b3a4726ecd5668; stellar 28.1.0 (c0f4d0da891bbf214c08b8c5035ae6db80e9a3bd)
stellar-xdr 28.0.0 (d0f1330e43c3a2c0c616da30698b24140d4eea72)
xdr (9c9c145953e80990d6ff1ae3a6a973a0ce6d0694); rustc 1.95.0 (59807616e 2026-04-14)
Funding deployer account: GBQMAMTAD5LRPL7KDT7GC4BZ75WCANW2R2KCEIG7NO72RDHQZ7YNPNGH via friendbot...
Deployer account confirmed in RPC: GBQMAMTAD5LRPL7KDT7GC4BZ75WCANW2R2KCEIG7NO72RDHQZ7YNPNGH
WASM: /tmp/weighin-flagship-private-NfoN7s/project/contract/target/wasm32v1-none/release/contract_test.wasm
WASM SHA256: 718ba18378a2d94ec7bf0c75b3813c7d0bb5b65beb2fb4c445b3a4726ecd5668
Contract ID: CDEIPB7X6AQSMREHNC236OKUPRVZVXBDYF564OTSZZPIJUQRN2DMVGUS
Installing WASM...
WASM installed. Deploying contract instance...
Deployed at CDEIPB7X6AQSMREHNC236OKUPRVZVXBDYF564OTSZZPIJUQRN2DMVGUS
Simulating hello...
WASM: /tmp/weighin-flagship-private-NfoN7s/project/contract/target/wasm32-unknown-unknown/release/contract_test.wasm
WASM SHA256: 718ba18378a2d94ec7bf0c75b3813c7d0bb5b65beb2fb4c445b3a4726ecd5668
Contract ID: CDEIPB7X6AQSMREHNC236OKUPRVZVXBDYF564OTSZZPIJUQRN2DMVGUS
Already deployed at CDEIPB7X6AQSMREHNC236OKUPRVZVXBDYF564OTSZZPIJUQRN2DMVGUS
Simulating hello...
::endgroup::
[HEAD] WASM SHA256 (hello): 718ba18378a2d94ec7bf0c75b3813c7d0bb5b65beb2fb4c445b3a4726ecd5668
[HEAD] WASM SHA256 (hello): 718ba18378a2d94ec7bf0c75b3813c7d0bb5b65beb2fb4c445b3a4726ecd5668
::group::Building + measuring base (main)
[command]/usr/bin/git fetch --depth=1 origin main
From /tmp/weighin-flagship-private-NfoN7s/origin
 * branch            main       -> FETCH_HEAD
 * [new branch]      main       -> origin/main
Checking out main into /tmp/weighin-flagship-private-NfoN7s/runner/weighin-base-kQn9u4
[command]/usr/bin/git worktree add --detach /tmp/weighin-flagship-private-NfoN7s/runner/weighin-base-kQn9u4 FETCH_HEAD
Preparing worktree (detached HEAD a20fc93)
HEAD is now at a20fc93 Isolated reference BASE
base SHA: a20fc936f334f522071ea49f4f1d20b72806ca46
ℹ️  CARGO_BUILD_RUSTFLAGS=--remap-path-prefix=/home/mxr/.cargo/registry/src= SOROBAN_SDK_BUILD_SYSTEM_SUPPORTS_SPEC_SHAKING_V2=1 STELLAR_CLI_VERSION=28.1.0 cargo rustc --locked --manifest-path=Cargo.toml --crate-type=cdylib --target=wasm32v1-none --release
   Compiling contract_test v0.1.0 (/tmp/weighin-flagship-private-NfoN7s/runner/weighin-base-kQn9u4/contract)
    Finished `release` profile [optimized] target(s) in 1.53s
ℹ️  Build Summary:
    Wasm File: /tmp/weighin-flagship-private-NfoN7s/runner/weighin-build-Dq7Vs0/contract_test.wasm (776 bytes optimized (original size was 986 bytes))
    Wasm Hash: 718ba18378a2d94ec7bf0c75b3813c7d0bb5b65beb2fb4c445b3a4726ecd5668
    Wasm Size: 776 bytes optimized (original size was 986 bytes)
    Exported Functions: 1 found
      • hello
✅ Build Complete

Built contract_test: /tmp/weighin-flagship-private-NfoN7s/runner/weighin-base-kQn9u4/contract/target/wasm32v1-none/release/contract_test.wasm; SHA256 718ba18378a2d94ec7bf0c75b3813c7d0bb5b65beb2fb4c445b3a4726ecd5668; stellar 28.1.0 (c0f4d0da891bbf214c08b8c5035ae6db80e9a3bd)
stellar-xdr 28.0.0 (d0f1330e43c3a2c0c616da30698b24140d4eea72)
xdr (9c9c145953e80990d6ff1ae3a6a973a0ce6d0694); rustc 1.95.0 (59807616e 2026-04-14)
Built contract_test: /tmp/weighin-flagship-private-NfoN7s/runner/weighin-base-kQn9u4/contract/target/wasm32-unknown-unknown/release/contract_test.wasm; SHA256 718ba18378a2d94ec7bf0c75b3813c7d0bb5b65beb2fb4c445b3a4726ecd5668; stellar 28.1.0 (c0f4d0da891bbf214c08b8c5035ae6db80e9a3bd)
stellar-xdr 28.0.0 (d0f1330e43c3a2c0c616da30698b24140d4eea72)
xdr (9c9c145953e80990d6ff1ae3a6a973a0ce6d0694); rustc 1.95.0 (59807616e 2026-04-14)
Deployer account confirmed in RPC: GBQMAMTAD5LRPL7KDT7GC4BZ75WCANW2R2KCEIG7NO72RDHQZ7YNPNGH
WASM: /tmp/weighin-flagship-private-NfoN7s/runner/weighin-base-kQn9u4/contract/target/wasm32v1-none/release/contract_test.wasm
WASM SHA256: 718ba18378a2d94ec7bf0c75b3813c7d0bb5b65beb2fb4c445b3a4726ecd5668
Contract ID: CDEIPB7X6AQSMREHNC236OKUPRVZVXBDYF564OTSZZPIJUQRN2DMVGUS
Already deployed at CDEIPB7X6AQSMREHNC236OKUPRVZVXBDYF564OTSZZPIJUQRN2DMVGUS
Simulating hello...
WASM: /tmp/weighin-flagship-private-NfoN7s/runner/weighin-base-kQn9u4/contract/target/wasm32-unknown-unknown/release/contract_test.wasm
WASM SHA256: 718ba18378a2d94ec7bf0c75b3813c7d0bb5b65beb2fb4c445b3a4726ecd5668
Contract ID: CDEIPB7X6AQSMREHNC236OKUPRVZVXBDYF564OTSZZPIJUQRN2DMVGUS
Already deployed at CDEIPB7X6AQSMREHNC236OKUPRVZVXBDYF564OTSZZPIJUQRN2DMVGUS
Simulating hello...
[BASE] WASM SHA256 (hello): 718ba18378a2d94ec7bf0c75b3813c7d0bb5b65beb2fb4c445b3a4726ecd5668
[BASE] WASM SHA256 (hello): 718ba18378a2d94ec7bf0c75b3813c7d0bb5b65beb2fb4c445b3a4726ecd5668
[command]/usr/bin/git worktree remove --force /tmp/weighin-flagship-private-NfoN7s/runner/weighin-base-kQn9u4
::endgroup::
::group::Computing diff
Any regression: false
::endgroup::
::group::Enforcing thresholds
weighin.toml loaded
Violations: 0
::endgroup::

(node:239249) [DEP0005] DeprecationWarning: Buffer() is deprecated due to security and usability issues. Please use the Buffer.alloc(), Buffer.allocUnsafe(), or Buffer.from() methods instead.
(Use `node --trace-deprecation ...` to show where the warning was created)

