ℹ️  CARGO_BUILD_RUSTFLAGS=--remap-path-prefix=/home/mxr/.cargo/registry/src= SOROBAN_SDK_BUILD_SYSTEM_SUPPORTS_SPEC_SHAKING_V2=1 STELLAR_CLI_VERSION=28.1.0 cargo rustc --locked --manifest-path=Cargo.toml --crate-type=cdylib --target=wasm32v1-none --release
 Downloading crates ...
  Downloaded soroban-builtin-sdk-macros v28.0.2
  Downloaded soroban-spec-rust v28.0.0
  Downloaded soroban-env-guest v28.0.2
  Downloaded soroban-spec v28.0.0
  Downloaded soroban-env-common v28.0.2
  Downloaded soroban-sdk-macros v28.0.0
  Downloaded soroban-sdk v28.0.0
  Downloaded soroban-env-host v28.0.2
  Downloaded soroban-env-macros v28.0.2
   Compiling crate-git-revision v0.0.9
   Compiling itertools v0.13.0
   Compiling num-traits v0.2.19
   Compiling byteorder v1.5.0
   Compiling escape-bytes v0.1.1
   Compiling heapless v0.8.0
   Compiling static_assertions v1.1.0
   Compiling stable_deref_trait v1.2.1
   Compiling ethnum v1.5.3
   Compiling stellar-strkey v0.0.16
   Compiling data-encoding v2.11.0
   Compiling bytes-lit v0.0.6
   Compiling hash32 v0.3.1
   Compiling stellar-xdr v28.0.0
   Compiling soroban-env-common v28.0.2
   Compiling soroban-sdk v28.0.0
   Compiling soroban-spec v28.0.0
   Compiling soroban-spec-rust v28.0.0
   Compiling soroban-env-macros v28.0.2
   Compiling soroban-env-guest v28.0.2
   Compiling soroban-sdk-macros v28.0.0
   Compiling contract_test v0.1.0 (/home/mxr/Documents/localRepo/Weighin/contract)
    Finished `release` profile [optimized] target(s) in 1m 51s
ℹ️  Build Summary:
    Wasm File: /tmp/weighin-build-E0xZtf/contract_test.wasm (776 bytes optimized (original size was 986 bytes))
    Wasm Hash: 718ba18378a2d94ec7bf0c75b3813c7d0bb5b65beb2fb4c445b3a4726ecd5668
    Wasm Size: 776 bytes optimized (original size was 986 bytes)
    Exported Functions: 1 found
      • hello
✅ Build Complete

Built contract_test: /home/mxr/Documents/localRepo/Weighin/contract/target/wasm32v1-none/release/contract_test.wasm; SHA256 718ba18378a2d94ec7bf0c75b3813c7d0bb5b65beb2fb4c445b3a4726ecd5668; stellar 28.1.0 (c0f4d0da891bbf214c08b8c5035ae6db80e9a3bd)
stellar-xdr 28.0.0 (d0f1330e43c3a2c0c616da30698b24140d4eea72)
xdr (9c9c145953e80990d6ff1ae3a6a973a0ce6d0694); rustc 1.95.0 (59807616e 2026-04-14)
[{"wasm_path":"/home/mxr/Documents/localRepo/Weighin/contract/target/wasm32v1-none/release/contract_test.wasm","manifest_path":"/home/mxr/Documents/localRepo/Weighin/contract/Cargo.toml","package":"contract_test","wasm_sha256":"718ba18378a2d94ec7bf0c75b3813c7d0bb5b65beb2fb4c445b3a4726ecd5668","stellar_version":"stellar 28.1.0 (c0f4d0da891bbf214c08b8c5035ae6db80e9a3bd)\nstellar-xdr 28.0.0 (d0f1330e43c3a2c0c616da30698b24140d4eea72)\nxdr (9c9c145953e80990d6ff1ae3a6a973a0ce6d0694)","rust_version":"rustc 1.95.0 (59807616e 2026-04-14)"}]
