chown-core: ok
finalize-core-config-manual-close: ok
finalize-core-config-database: ok
init-core-db: ok
init-core-scp: ok
mkdir-history-archive: ok
chown-history-archive: ok
init-history: ok
finalize-horizon-captivecore-db: ok
finalize-horizon-captivecore-config-enable-soroban-diagnostic-events: ok
chown-horizon: ok
init-horizon-db: ok
finalize-stellar-rpc-captivecore-db: ok
finalize-stellar-rpc-captivecore-config-enable-soroban-diagnostic-events: ok
init-stellar-rpc: ok
postgres: down
supervisor: starting
horizon: waiting for ingestion to catch up...
stellar-rpc: waiting for ready state...
supervisor: 2026-10-08 07:07:14,465 INFO Included extra file "/opt/stellar/supervisor/etc/supervisord.conf.d/friendbot.conf" during parsing
supervisor: 2026-10-08 07:07:14,465 INFO Included extra file "/opt/stellar/supervisor/etc/supervisord.conf.d/galexie.conf" during parsing
supervisor: 2026-10-08 07:07:14,465 INFO Included extra file "/opt/stellar/supervisor/etc/supervisord.conf.d/history-archive.conf" during parsing
supervisor: 2026-10-08 07:07:14,465 INFO Included extra file "/opt/stellar/supervisor/etc/supervisord.conf.d/horizon.conf" during parsing
supervisor: 2026-10-08 07:07:14,465 INFO Included extra file "/opt/stellar/supervisor/etc/supervisord.conf.d/ledger-meta-store.conf" during parsing
supervisor: 2026-10-08 07:07:14,466 INFO Included extra file "/opt/stellar/supervisor/etc/supervisord.conf.d/nginx.conf" during parsing
supervisor: 2026-10-08 07:07:14,466 INFO Included extra file "/opt/stellar/supervisor/etc/supervisord.conf.d/postgresql.conf" during parsing
supervisor: 2026-10-08 07:07:14,466 INFO Included extra file "/opt/stellar/supervisor/etc/supervisord.conf.d/stellar-core.conf" during parsing
supervisor: 2026-10-08 07:07:14,466 INFO Included extra file "/opt/stellar/supervisor/etc/supervisord.conf.d/stellar-lab.conf" during parsing
supervisor: 2026-10-08 07:07:14,466 INFO Included extra file "/opt/stellar/supervisor/etc/supervisord.conf.d/stellar-rpc.conf" during parsing
supervisor: 2026-10-08 07:07:14,466 INFO Set uid to user 0 succeeded
supervisor: 2026-10-08 07:07:14,495 INFO RPC interface 'supervisor' initialized
supervisor: 2026-10-08 07:07:14,495 CRIT Server 'inet_http_server' running without any HTTP authentication checking
supervisor: 2026-10-08 07:07:14,496 INFO supervisord started with pid 1
supervisor: 2026-10-08 07:07:15,500 INFO spawned: 'history-archive' with pid 339
supervisor: 2026-10-08 07:07:15,503 INFO spawned: 'nginx' with pid 340
supervisor: 2026-10-08 07:07:15,504 INFO reaped unknown pid 286 (exit status 0)
supervisor: 2026-10-08 07:07:16,742 INFO success: history-archive entered RUNNING state, process has stayed up for > than 1 seconds (startsecs)
supervisor: 2026-10-08 07:07:16,742 INFO success: nginx entered RUNNING state, process has stayed up for > than 1 seconds (startsecs)
supervisor: 2026-10-08 07:07:16,754 INFO spawned: 'stellar-core' with pid 359
stellar-core(node): Synced!
upgrades: protocolversion=28, basereserve=5000000
supervisor: 2026-10-08 07:07:17,794 INFO success: stellar-core entered RUNNING state, process has stayed up for > than 1 seconds (startsecs)
stellar-core: started
supervisor: 2026-10-08 07:07:18,410 INFO spawned: 'postgresql' with pid 432
upgrades: protocolversion done
upgrades: soroban config: restore contract: bdd3c5993d521567bdafeb91a2e93603feba72bfcc9b3e40f9aca27c2aae23d7 .. PENDING
upgrades: soroban config: install contract: 5f9144833e1b8586f05bfb32984c06065b5df1930b7f4f234cb0f910497ecd39 .. TRY_AGAIN_LATER
supervisor: 2026-10-08 07:07:19,553 INFO success: postgresql entered RUNNING state, process has stayed up for > than 1 seconds (startsecs)
postgresql: started
upgrades: soroban config: install contract: 5f9144833e1b8586f05bfb32984c06065b5df1930b7f4f234cb0f910497ecd39 .. PENDING
supervisor: 2026-10-08 07:07:20,214 INFO spawned: 'horizon' with pid 530
upgrades: soroban config: deploy contract: aef1f63ceb0fd94a1d496229c51269cc62239940cf7c36990b8a33ab0b4421b3 .. PENDING
supervisor: 2026-10-08 07:07:22,060 INFO success: horizon entered RUNNING state, process has stayed up for > than 1 seconds (startsecs)
horizon: started
stellar-core(node): Synced!; Publishing 1 queued checkpoints [7-7]: Waiting: resolve-snapshot
upgrades: soroban config: upload config: 60025e7f2ea6618fc7c5e6d71276001e54efc4f71a1fc1d723601fbdf3f9fd5d .. PENDING
supervisor: 2026-10-08 07:07:22,738 INFO spawned: 'stellar-rpc' with pid 656
stellar-core(node): Synced!
upgrades: soroban config: set config with key: 7A2c8KlkYXhiZ8EuV6GrO7cdQ/zvQvX/EEOLCuKD41h+QwV4hFVhyNAny47QGG6oYwPzugi7Degcv0Yhn64AHA==

upgrades: soroban config done
upgrades: soroban config 'testnet' limits
upgrades: soroban config: restore contract: 1e8cfae0ad028ca51be930aafdecbdc8129f5953cc2d4eff645df45e4d331cad .. PENDING
supervisor: 2026-10-08 07:07:23,835 INFO success: stellar-rpc entered RUNNING state, process has stayed up for > than 1 seconds (startsecs)
stellar-rpc: started
supervisor: 2026-10-08 07:07:24,075 INFO reaped unknown pid 287 (exit status 0)
stellar-core(rpc): Joining SCP
upgrades: soroban config: install contract: 117dc071167027fb442e788c85606a272518cc361e19bc35ba2c81bcbc23aa53 .. PENDING
stellar-core(horizon): Joining SCP
upgrades: soroban config: deploy contract: 6ddebb074b77b931f129f8596b5e3139454e7de9c3dab75b909de073bdcd1eed .. PENDING
stellar-core(rpc): Synced!
upgrades: soroban config: upload config: 2fb94fc6fbac38a9fce1f1e1e5c5068876261af574d2ce1efc5089b991c540d8 .. PENDING
upgrades: soroban config: set config with key: zyWb1jnifBSbEUd2SVJosl6v5rgA9SQsHAgqLohldN014Ih416Tucp0u/305RCsMD/hef7zRFVTSRlAgTkgKww==
Error setting configUpgradeSet
stellar-core(horizon): Synced!

upgrades: soroban config done
stellar-core(node): Synced!; Armed with network upgrades: upgradetime=1970-01-01T00:00:00Z, {
    "configupgradesetkey": {
        "contractID": "CDHSLG6WHHRHYFE3CFDXMSKSNCZF5L7GXAAPKJBMDQECULUIMV2N2HEG",
        "contentHash": "35e08878d7a4ee729d2eff7d39442b0c0ff85e7fbcd11554d24650204e480ac3"
    }
}
supervisor: 2026-10-08 07:07:28,702 INFO spawned: 'friendbot' with pid 1132
horizon: ingestion caught up
supervisor: 2026-10-08 07:07:28,889 INFO reaped unknown pid 296 (exit status 0)
stellar-rpc: up and ready
supervisor: 2026-10-08 07:07:28,909 INFO reaped unknown pid 302 (exit status 0)
stellar-core(node): Synced!; Publishing 1 queued checkpoints [15-15]: Waiting before starting Ready to run: resolve-snapshot
supervisor: 2026-10-08 07:07:30,041 INFO success: friendbot entered RUNNING state, process has stayed up for > than 1 seconds (startsecs)
friendbot: started
supervisor: 2026-10-08 07:07:30,149 INFO reaped unknown pid 285 (exit status 0)
stellar-core(node): Synced!; Publishing 1 queued checkpoints [15-15]: Waiting: resolve-snapshot
stellar-core(node): Synced!
stellar-core(node): Synced!; Publishing 1 queued checkpoints [23-23]: Waiting before starting Ready to run: resolve-snapshot
stellar-core(node): Synced!; Publishing 1 queued checkpoints [23-23]: Waiting: resolve-snapshot
stellar-core(node): Synced!
stellar-core(node): Synced!; Publishing 1 queued checkpoints [31-31]: Waiting before starting Ready to run: resolve-snapshot
stellar-core(node): Synced!; Publishing 1 queued checkpoints [31-31]: Waiting: resolve-snapshot
stellar-core(node): Synced!
