mkdir-core-log: ok
chown-core-log: ok
chown-core: ok
finalize-core-config-manual-close: ok
finalize-core-config-database: ok
init-core-db: ok
init-core-scp: ok
mkdir-history-archive: ok
chown-history-archive: ok
init-history: ok
finalize-horizon-captivecore-db: ok
finalize-horizon-captivecore-config-enable-soroban-diagnostic-events: ok
chown-horizon: ok
init-horizon-db: ok
finalize-stellar-rpc-captivecore-db: ok
finalize-stellar-rpc-captivecore-config-enable-soroban-diagnostic-events: ok
init-stellar-rpc: ok
postgres: down
supervisor: starting
horizon: waiting for ingestion to catch up...
stellar-rpc: waiting for ready state...
supervisor: 2026-10-08 07:08:20,126 INFO Included extra file "/opt/stellar/supervisor/etc/supervisord.conf.d/friendbot.conf" during parsing
supervisor: 2026-10-08 07:08:20,126 INFO Included extra file "/opt/stellar/supervisor/etc/supervisord.conf.d/galexie.conf" during parsing
supervisor: 2026-10-08 07:08:20,127 INFO Included extra file "/opt/stellar/supervisor/etc/supervisord.conf.d/history-archive.conf" during parsing
supervisor: 2026-10-08 07:08:20,127 INFO Included extra file "/opt/stellar/supervisor/etc/supervisord.conf.d/horizon.conf" during parsing
supervisor: 2026-10-08 07:08:20,127 INFO Included extra file "/opt/stellar/supervisor/etc/supervisord.conf.d/ledger-meta-store.conf" during parsing
supervisor: 2026-10-08 07:08:20,127 INFO Included extra file "/opt/stellar/supervisor/etc/supervisord.conf.d/nginx.conf" during parsing
supervisor: 2026-10-08 07:08:20,127 INFO Included extra file "/opt/stellar/supervisor/etc/supervisord.conf.d/postgresql.conf" during parsing
supervisor: 2026-10-08 07:08:20,127 INFO Included extra file "/opt/stellar/supervisor/etc/supervisord.conf.d/stellar-core.conf" during parsing
supervisor: 2026-10-08 07:08:20,127 INFO Included extra file "/opt/stellar/supervisor/etc/supervisord.conf.d/stellar-lab.conf" during parsing
supervisor: 2026-10-08 07:08:20,127 INFO Included extra file "/opt/stellar/supervisor/etc/supervisord.conf.d/stellar-rpc.conf" during parsing
supervisor: 2026-10-08 07:08:20,127 INFO Set uid to user 0 succeeded
supervisor: 2026-10-08 07:08:20,162 INFO RPC interface 'supervisor' initialized
supervisor: 2026-10-08 07:08:20,163 CRIT Server 'inet_http_server' running without any HTTP authentication checking
supervisor: 2026-10-08 07:08:20,164 INFO supervisord started with pid 1
supervisor: 2026-10-08 07:08:21,170 INFO spawned: 'history-archive' with pid 338
supervisor: 2026-10-08 07:08:21,175 INFO spawned: 'nginx' with pid 339
supervisor: 2026-10-08 07:08:21,177 INFO reaped unknown pid 285 (exit status 0)
supervisor: 2026-10-08 07:08:22,497 INFO success: history-archive entered RUNNING state, process has stayed up for > than 1 seconds (startsecs)
supervisor: 2026-10-08 07:08:22,497 INFO success: nginx entered RUNNING state, process has stayed up for > than 1 seconds (startsecs)
supervisor: 2026-10-08 07:08:22,507 INFO spawned: 'stellar-core' with pid 358
stellar-core(node): Synced!
upgrades: protocolversion=28, basereserve=5000000
supervisor: 2026-10-08 07:08:23,789 INFO success: stellar-core entered RUNNING state, process has stayed up for > than 1 seconds (startsecs)
stellar-core: started
supervisor: 2026-10-08 07:08:24,435 INFO spawned: 'postgresql' with pid 431
upgrades: protocolversion done
upgrades: soroban config: restore contract: bdd3c5993d521567bdafeb91a2e93603feba72bfcc9b3e40f9aca27c2aae23d7 .. PENDING
supervisor: 2026-10-08 07:08:25,817 INFO success: postgresql entered RUNNING state, process has stayed up for > than 1 seconds (startsecs)
postgresql: started
upgrades: soroban config: install contract: 5f9144833e1b8586f05bfb32984c06065b5df1930b7f4f234cb0f910497ecd39 .. PENDING
supervisor: 2026-10-08 07:08:26,477 INFO spawned: 'horizon' with pid 534
upgrades: soroban config: deploy contract: 18d2c5aecb7db5716ddece8b41dccbb8a3a389cb5bc7e306e057fa8578db30f2 .. PENDING
stellar-core(node): Synced!; Publishing 1 queued checkpoints [7-7]: Waiting before starting Ready to run: resolve-snapshot
upgrades: soroban config: upload config: 72a23bde9e66f549efe44f9c17667ace9bd101ab636abf57b39bbd442a24310e .. PENDING
supervisor: 2026-10-08 07:08:28,209 INFO success: horizon entered RUNNING state, process has stayed up for > than 1 seconds (startsecs)
horizon: started
stellar-core(node): Synced!; Publishing 1 queued checkpoints [7-7]: Waiting: resolve-snapshot
supervisor: 2026-10-08 07:08:28,862 INFO spawned: 'stellar-rpc' with pid 666
upgrades: soroban config: set config with key: lMYno0b1n6jx4lRxRBuKzoCpaPbi/598WKCJnuNUXsd+QwV4hFVhyNAny47QGG6oYwPzugi7Degcv0Yhn64AHA==

upgrades: soroban config done
upgrades: soroban config 'testnet' limits
upgrades: soroban config: restore contract: 1e8cfae0ad028ca51be930aafdecbdc8129f5953cc2d4eff645df45e4d331cad .. PENDING
stellar-core(rpc): Joining SCP
stellar-core(node): Synced!; Armed with network upgrades: upgradetime=1970-01-01T00:00:00Z, {
    "configupgradesetkey": {
        "contractID": "CCKMMJ5DI32Z7KHR4JKHCRA3RLHIBKLI63RP7H34LCQITHXDKRPMOM3S",
        "contentHash": "7e430578845561c8d027cb8ed0186ea86303f3ba08bb0de81cbf46219fae001c"
    }
}
supervisor: 2026-10-08 07:08:30,223 INFO success: stellar-rpc entered RUNNING state, process has stayed up for > than 1 seconds (startsecs)
stellar-rpc: started
supervisor: 2026-10-08 07:08:30,396 INFO reaped unknown pid 286 (exit status 0)
upgrades: soroban config: install contract: 117dc071167027fb442e788c85606a272518cc361e19bc35ba2c81bcbc23aa53 .. PENDING
stellar-core(node): Synced!
upgrades: soroban config: deploy contract: c88448268d600141c674b17cda63f5ee7e53a46b531ab36a33d72d0a9c4c9ebc .. PENDING
stellar-core(horizon): Joining SCP
stellar-core(rpc): Synced!
upgrades: soroban config: upload config: 11bc8bbf9e38f89e6439cea7680696636f9424176f3c746b631f7181d2c8d489 .. PENDING
upgrades: soroban config: set config with key: 2DPLAuz/a3PkLhWjMozHFImz0+ncG2gOmgAk+2Ycops14Ih416Tucp0u/305RCsMD/hef7zRFVTSRlAgTkgKww==

upgrades: soroban config done
stellar-core(horizon): Synced!
supervisor: 2026-10-08 07:08:34,529 INFO spawned: 'friendbot' with pid 1133
stellar-rpc: up and ready
supervisor: 2026-10-08 07:08:34,919 INFO reaped unknown pid 301 (exit status 0)
supervisor: 2026-10-08 07:08:36,029 INFO success: friendbot entered RUNNING state, process has stayed up for > than 1 seconds (startsecs)
friendbot: started
stellar-core(node): Synced!; Publishing 1 queued checkpoints [15-15]: Waiting: resolve-snapshot
supervisor: 2026-10-08 07:08:36,171 INFO reaped unknown pid 284 (exit status 0)
stellar-core(node): Synced!
horizon: ingestion caught up
supervisor: 2026-10-08 07:08:39,813 INFO reaped unknown pid 294 (exit status 0)
stellar-core(node): Synced!; Publishing 1 queued checkpoints [23-23]: Waiting before starting Ready to run: resolve-snapshot
stellar-core(node): Synced!; Publishing 1 queued checkpoints [23-23]: Waiting: resolve-snapshot
stellar-core(node): Synced!
stellar-core(node): Synced!; Publishing 1 queued checkpoints [31-31]: Waiting before starting Ready to run: resolve-snapshot
stellar-core(node): Synced!; Publishing 1 queued checkpoints [31-31]: Waiting: resolve-snapshot
stellar-core(node): Synced!
