ℹ️  CARGO_BUILD_RUSTFLAGS=--remap-path-prefix=/home/mxr/.cargo/registry/src= SOROBAN_SDK_BUILD_SYSTEM_SUPPORTS_SPEC_SHAKING_V2=1 STELLAR_CLI_VERSION=28.1.0 cargo rustc --locked --manifest-path=Cargo.toml --crate-type=cdylib --target=wasm32v1-none --release
    Finished `release` profile [optimized] target(s) in 0.46s
ℹ️  Build Summary:
    Wasm File: /home/mxr/Documents/localRepo/Weighin/.stage6b-work/build-system-temp-4/soroban_forge_escrow.wasm (40912 bytes optimized (original size was 45889 bytes))
    Wasm Hash: f6edc17c367984295ce7007e4099d45982d84f5fdbffae899492d0e6c547c953
    Wasm Size: 40912 bytes optimized (original size was 45889 bytes)
    Exported Functions: 24 found
      • cancel
      • cancel_basket
      • create_basket
      • create_escrow
      • deposit
      • deposit_basket
      • dispute
      • dispute_basket
      • escrows_for_participant
      • get_basket
      • get_escrow
      • get_status
      • refund
      • refund_basket
      • refund_expired
      • release
      • release_basket
      • release_partial
      • release_partial_basket
      • resolve
      • resolve_basket
      • resolve_split
      • touch_ttl
      • ttl_info
✅ Build Complete

