Starting Stellar Quickstart
versions:
  quickstart: 3a367f3f009f3ec4199889e922d28ce70add1753
  xdr:
    stellar-xdr 28.0.1 (ced6bd3cc9f5d8d03445bdf0d7e907814822b370)
    xdr: 9c9c145953e80990d6ff1ae3a6a973a0ce6d0694
    features: <none>
  core:
    v29.0.0
    ledger protocol version: 29
    rust version: rustc 1.95.0 (59807616e 2026-04-14)
    soroban-env-host versions: 
        host[0]:
            package version: 21.2.2
            git version: 7eeddd897cfb0f700f938b0c8d6f0541150d1fcb
            ledger protocol version: 21
            pre-release version: 0
            rs-stellar-xdr:
                package version: 21.2.0
                git version: 9bea881f2057e412fdbb98875841626bf77b4b88
                base XDR git version: 70180d5e8d9caee9e8645ed8a38c36a8cf403cd9
        host[1]:
            package version: 22.0.0
            git version: 1cd8b8dca9aeeca9ce45b129cd923992b32dc258
            ledger protocol version: 22
            pre-release version: 0
            rs-stellar-xdr:
                package version: 22.0.0
                git version: 715003372ea6380044b5a4a02907ff73e56ae9e7
                base XDR git version: 529d5176f24c73eeccfa5eba481d4e89c19b1181
        host[2]:
            package version: 23.0.0
            git version: 688bc34e6cd15c71742139e625268c7f30f55a92
            ledger protocol version: 23
            pre-release version: 0
            rs-stellar-xdr:
                package version: 23.0.0
                git version: e83a6337204ecfdb0ac0d44ffb857130c1249b1b
                base XDR git version: 4b7a2ef7931ab2ca2499be68d849f38190b443ca
        host[3]:
            package version: 24.0.0
            git version: a37eeda815e626f416eff13f2eacb32a8b0c3729
            ledger protocol version: 24
            pre-release version: 0
            rs-stellar-xdr:
                package version: 24.0.0
                git version: 07b765d3ab146f7f7ea951af1f9e41e0ece8fb48
                base XDR git version: 4b7a2ef7931ab2ca2499be68d849f38190b443ca
        host[4]:
            package version: 25.0.0
            git version: 6323c1fc03ecb9f53b7c1e42fd62c1bbd3aebc2c
            ledger protocol version: 25
            pre-release version: 0
            rs-stellar-xdr:
                package version: 25.0.0
                git version: dc9f40fcb83c3054341f70b65a2222073369b37b
                base XDR git version: 0a621ec7811db000a60efae5b35f78dee3aa2533
        host[5]:
            package version: 26.0.0
            git version: b351f88a468d3b9e1d6de53d5b0ca585f6b7dadb
            ledger protocol version: 26
            pre-release version: 0
            rs-stellar-xdr:
                package version: 26.0.0
                git version: dd7a165a193126fd37a751d867bee1cb8f3b55a6
                base XDR git version: cff714a5ebaaaf2dac343b3546c2df73f0b7a36e
        host[6]:
            package version: 27.0.0
            git version: b03d2563f3a08d51095a19bdbb6d90364b8ce04a
            ledger protocol version: 27
            pre-release version: 0
            rs-stellar-xdr:
                package version: 27.0.0
                git version: 5262803470be965e42f80023d12fba12808c774a
                base XDR git version: 68fa1ac55692f68ad2a2ca549d0a283273554439
        host[7]:
            package version: 28.0.0
            git version: ba37ea5f76a10710835992fb90f9ec7a14eca499
            ledger protocol version: 28
            pre-release version: 0
            rs-stellar-xdr:
                package version: 28.0.0
                git version: d0f1330e43c3a2c0c616da30698b24140d4eea72
                base XDR git version: 9c9c145953e80990d6ff1ae3a6a973a0ce6d0694
        host[8]:
            package version: 29.0.0
            git version: a721944b5a4ea830a4bf5c2dbb8dbe8c1e1354c5
            ledger protocol version: 29
            pre-release version: 0
            rs-stellar-xdr:
                package version: 28.0.0
                git version: d0f1330e43c3a2c0c616da30698b24140d4eea72
                base XDR git version: 9c9c145953e80990d6ff1ae3a6a973a0ce6d0694
  rpc:
    stellar-rpc 29.0.0 (8a40169717723697e430c1e51c21ef0bf244ecda) HEAD
    stellar-xdr 9c9c145953e80990d6ff1ae3a6a973a0ce6d0694
    soroban-env-host-prev 28.0.1
    soroban-env-host-curr 29.0.0
  horizon:
    devel
    go1.26.8
  friendbot:
    4a6a1715d5b81c640dd9f887dd37b26499e95e72 (4a6a1715d5b81c640dd9f887dd37b26499e95e72)
  lab:
    main (b4b6465a29f9622eebbe7d46ce0117b552e87d91)
  galexie:
    galexie-v29.0.0 (c927ffc38c2964f0d38976b05396fbea440748f1)
mode: ephemeral
network: local
network passphrase: Standalone Network ; February 2017
network id: baefd734b8d3e48472cff83912375fedbc7573701912fe308af730180f97d74a
network root secret key: [REDACTED standalone signing seed]
network root account id: GBZXN7PIRZGNMHGA7MUUUF4GWPY5AYPV6LY4UV2GL6VJGIQRXFDNMADI
protocol version default: 28
protocol version set: 28
postgres user: stellar
postgres password: r5wA2gk4EHXph1iC
finalize-pgpass: ok
init-postgres: ok
postgres: up
create-horizon-db: ok
stellar-postgres-user: ok
mkdir-core-log: ok
chown-core-log: ok
chown-core: ok
finalize-core-config-manual-close: ok
finalize-core-config-database: ok
init-core-db: ok
init-core-scp: ok
mkdir-history-archive: ok
chown-history-archive: ok
init-history: ok
finalize-horizon-captivecore-db: ok
finalize-horizon-captivecore-config-enable-soroban-diagnostic-events: ok
chown-horizon: ok
init-horizon-db: ok
finalize-stellar-rpc-captivecore-db: ok
finalize-stellar-rpc-captivecore-config-enable-soroban-diagnostic-events: ok
init-stellar-rpc: ok
postgres: down
supervisor: starting
horizon: waiting for ingestion to catch up...
stellar-rpc: waiting for ready state...
supervisor: 2026-10-08 11:00:01,250 INFO Included extra file "/opt/stellar/supervisor/etc/supervisord.conf.d/friendbot.conf" during parsing
supervisor: 2026-10-08 11:00:01,250 INFO Included extra file "/opt/stellar/supervisor/etc/supervisord.conf.d/galexie.conf" during parsing
supervisor: 2026-10-08 11:00:01,251 INFO Included extra file "/opt/stellar/supervisor/etc/supervisord.conf.d/history-archive.conf" during parsing
supervisor: 2026-10-08 11:00:01,251 INFO Included extra file "/opt/stellar/supervisor/etc/supervisord.conf.d/horizon.conf" during parsing
supervisor: 2026-10-08 11:00:01,251 INFO Included extra file "/opt/stellar/supervisor/etc/supervisord.conf.d/ledger-meta-store.conf" during parsing
supervisor: 2026-10-08 11:00:01,251 INFO Included extra file "/opt/stellar/supervisor/etc/supervisord.conf.d/nginx.conf" during parsing
supervisor: 2026-10-08 11:00:01,251 INFO Included extra file "/opt/stellar/supervisor/etc/supervisord.conf.d/postgresql.conf" during parsing
supervisor: 2026-10-08 11:00:01,251 INFO Included extra file "/opt/stellar/supervisor/etc/supervisord.conf.d/stellar-core.conf" during parsing
supervisor: 2026-10-08 11:00:01,251 INFO Included extra file "/opt/stellar/supervisor/etc/supervisord.conf.d/stellar-lab.conf" during parsing
supervisor: 2026-10-08 11:00:01,251 INFO Included extra file "/opt/stellar/supervisor/etc/supervisord.conf.d/stellar-rpc.conf" during parsing
supervisor: 2026-10-08 11:00:01,251 INFO Set uid to user 0 succeeded
supervisor: 2026-10-08 11:00:01,284 INFO RPC interface 'supervisor' initialized
supervisor: 2026-10-08 11:00:01,284 CRIT Server 'inet_http_server' running without any HTTP authentication checking
supervisor: 2026-10-08 11:00:01,285 INFO supervisord started with pid 1
supervisor: 2026-10-08 11:00:02,289 INFO spawned: 'history-archive' with pid 340
supervisor: 2026-10-08 11:00:02,294 INFO spawned: 'nginx' with pid 341
supervisor: 2026-10-08 11:00:02,295 INFO reaped unknown pid 287 (exit status 0)
supervisor: 2026-10-08 11:00:03,559 INFO success: history-archive entered RUNNING state, process has stayed up for > than 1 seconds (startsecs)
supervisor: 2026-10-08 11:00:03,560 INFO success: nginx entered RUNNING state, process has stayed up for > than 1 seconds (startsecs)
supervisor: 2026-10-08 11:00:03,569 INFO spawned: 'stellar-core' with pid 360
stellar-core(node): Synced!
upgrades: protocolversion=28, basereserve=5000000
supervisor: 2026-10-08 11:00:04,609 INFO success: stellar-core entered RUNNING state, process has stayed up for > than 1 seconds (startsecs)
stellar-core: started
supervisor: 2026-10-08 11:00:05,198 INFO spawned: 'postgresql' with pid 433
upgrades: protocolversion done
upgrades: soroban config: restore contract: bdd3c5993d521567bdafeb91a2e93603feba72bfcc9b3e40f9aca27c2aae23d7 .. PENDING
supervisor: 2026-10-08 11:00:06,329 INFO success: postgresql entered RUNNING state, process has stayed up for > than 1 seconds (startsecs)
postgresql: started
supervisor: 2026-10-08 11:00:06,890 INFO spawned: 'horizon' with pid 515
upgrades: soroban config: install contract: 5f9144833e1b8586f05bfb32984c06065b5df1930b7f4f234cb0f910497ecd39 .. PENDING
upgrades: soroban config: deploy contract: bd5cbbdd569f74af9116cf35c3b0e0769b729c65b27b97ec726e248d20fd0370 .. PENDING
supervisor: 2026-10-08 11:00:08,479 INFO success: horizon entered RUNNING state, process has stayed up for > than 1 seconds (startsecs)
horizon: started
stellar-core(node): Synced!; Publishing 1 queued checkpoints [7-7]: Waiting before starting Ready to run: resolve-snapshot
supervisor: 2026-10-08 11:00:09,014 INFO spawned: 'stellar-rpc' with pid 613
upgrades: soroban config: upload config: 77ec76163fbcc27726924a736e2ec58f655d2a34e28bd8d7b83207d8fa6d00e0 .. PENDING
stellar-core(node): Synced!; Publishing 1 queued checkpoints [7-7]: Waiting: resolve-snapshot
upgrades: soroban config: set config with key: xw2HbGYfkHXvfIbr/mf7jPxCr8IV7FxAGCS3PsdLovh+QwV4hFVhyNAny47QGG6oYwPzugi7Degcv0Yhn64AHA==

upgrades: soroban config done
upgrades: soroban config 'testnet' limits
upgrades: soroban config: restore contract: 1e8cfae0ad028ca51be930aafdecbdc8129f5953cc2d4eff645df45e4d331cad .. PENDING
supervisor: 2026-10-08 11:00:10,491 INFO success: stellar-rpc entered RUNNING state, process has stayed up for > than 1 seconds (startsecs)
stellar-rpc: started
supervisor: 2026-10-08 11:00:10,663 INFO reaped unknown pid 288 (exit status 0)
stellar-core(rpc): Joining SCP
stellar-core(node): Synced!; Armed with network upgrades: upgradetime=1970-01-01T00:00:00Z, {
    "configupgradesetkey": {
        "contractID": "CDDQ3B3MMYPZA5PPPSDOX7TH7OGPYQVPYIK6YXCADASLOPWHJORPQFGP",
        "contentHash": "7e430578845561c8d027cb8ed0186ea86303f3ba08bb0de81cbf46219fae001c"
    }
}
upgrades: soroban config: install contract: 117dc071167027fb442e788c85606a272518cc361e19bc35ba2c81bcbc23aa53 .. PENDING
stellar-core(horizon): Joining SCP
stellar-core(node): Synced!
upgrades: soroban config: deploy contract: 0a98e0c92fcc2d88ced5389e0e56ebd6cb620aa400edfa2f5b6795144a78b93c .. PENDING
stellar-core(rpc): Synced!
upgrades: soroban config: upload config: 7776fbca8ecf61b1b69eb08004bf9ad047473407689f631350cfbd630abbaf7b .. PENDING
stellar-core(horizon): Synced!
upgrades: soroban config: set config with key: uOW7IhXA2iEydqc6oE4omj/JVjV4TD5Jk1eoVMki/kQ14Ih416Tucp0u/305RCsMD/hef7zRFVTSRlAgTkgKww==

upgrades: soroban config done
supervisor: 2026-10-08 11:00:15,614 INFO spawned: 'friendbot' with pid 1143
stellar-rpc: up and ready
supervisor: 2026-10-08 11:00:15,788 INFO reaped unknown pid 301 (exit status 0)
supervisor: 2026-10-08 11:00:16,845 INFO success: friendbot entered RUNNING state, process has stayed up for > than 1 seconds (startsecs)
friendbot: started
supervisor: 2026-10-08 11:00:17,019 INFO reaped unknown pid 286 (exit status 0)
stellar-core(node): Synced!; Publishing 1 queued checkpoints [15-15]: Waiting: resolve-snapshot
stellar-core(node): Synced!
horizon: ingestion caught up
supervisor: 2026-10-08 11:00:21,036 INFO reaped unknown pid 296 (exit status 0)
stellar-core(node): Synced!; Publishing 1 queued checkpoints [23-23]: Waiting before starting Ready to run: resolve-snapshot
stellar-core(node): Synced!; Publishing 1 queued checkpoints [23-23]: Waiting: resolve-snapshot
stellar-core(node): Synced!
stellar-core(node): Synced!; Publishing 1 queued checkpoints [31-31]: Waiting before starting Ready to run: resolve-snapshot
stellar-core(node): Synced!; Publishing 1 queued checkpoints [31-31]: Waiting: resolve-snapshot
stellar-core(node): Synced!
stellar-core(node): Synced!; Publishing 1 queued checkpoints [39-39]: Waiting before starting Ready to run: resolve-snapshot
stellar-core(node): Synced!; Publishing 1 queued checkpoints [39-39]: Waiting: resolve-snapshot
stellar-core(node): Synced!
stellar-core(node): Synced!; Publishing 1 queued checkpoints [47-47]: Waiting before starting Ready to run: resolve-snapshot
stellar-core(node): Synced!; Publishing 1 queued checkpoints [47-47]: Waiting: resolve-snapshot
stellar-core(node): Synced!
stellar-core(node): Synced!; Publishing 1 queued checkpoints [55-55]: Waiting before starting Ready to run: resolve-snapshot
stellar-core(node): Synced!; Publishing 1 queued checkpoints [55-55]: Waiting: resolve-snapshot
stellar-core(node): Synced!
stellar-core(node): Synced!; Publishing 1 queued checkpoints [63-63]: Waiting before starting Ready to run: resolve-snapshot
stellar-core(node): Synced!; Publishing 1 queued checkpoints [63-63]: Waiting: resolve-snapshot
stellar-core(node): Synced!
stellar-core(node): Synced!; Publishing 1 queued checkpoints [71-71]: Waiting before starting Ready to run: resolve-snapshot
stellar-core(node): Synced!; Publishing 1 queued checkpoints [71-71]: Waiting: resolve-snapshot
stellar-core(node): Synced!
stellar-core(node): Synced!; Publishing 1 queued checkpoints [79-79]: Waiting before starting Ready to run: resolve-snapshot
stellar-core(node): Synced!; Publishing 1 queued checkpoints [79-79]: Waiting: resolve-snapshot
stellar-core(node): Synced!
stellar-core(node): Synced!; Publishing 1 queued checkpoints [87-87]: Waiting: resolve-snapshot
stellar-core(node): Synced!
stellar-core(node): Synced!; Publishing 1 queued checkpoints [95-95]: Waiting before starting Ready to run: resolve-snapshot
stellar-core(node): Synced!; Publishing 1 queued checkpoints [95-95]: Waiting: resolve-snapshot
stellar-core(node): Synced!
stellar-core(node): Synced!; Publishing 1 queued checkpoints [103-103]: Waiting before starting Ready to run: resolve-snapshot
stellar-core(node): Synced!; Publishing 1 queued checkpoints [103-103]: Waiting: resolve-snapshot
stellar-core(node): Synced!
stellar-core(node): Synced!; Publishing 1 queued checkpoints [111-111]: Waiting before starting Ready to run: resolve-snapshot
stellar-core(node): Synced!; Publishing 1 queued checkpoints [111-111]: Waiting: resolve-snapshot
stellar-core(node): Synced!
stellar-core(node): Synced!; Publishing 1 queued checkpoints [119-119]: Waiting: resolve-snapshot
stellar-core(node): Synced!
stellar-core(node): Synced!; Publishing 1 queued checkpoints [127-127]: Waiting before starting Ready to run: resolve-snapshot
stellar-core(node): Synced!; Publishing 1 queued checkpoints [127-127]: Waiting: resolve-snapshot
stellar-core(node): Synced!
stellar-core(node): Synced!; Publishing 1 queued checkpoints [135-135]: Waiting before starting Ready to run: resolve-snapshot
stellar-core(node): Synced!; Publishing 1 queued checkpoints [135-135]: Waiting: resolve-snapshot
stellar-core(node): Synced!
stellar-core(node): Synced!; Publishing 1 queued checkpoints [143-143]: Waiting before starting Ready to run: resolve-snapshot
stellar-core(node): Synced!; Publishing 1 queued checkpoints [143-143]: Waiting: resolve-snapshot
stellar-core(node): Synced!
stellar-core(node): Synced!; Publishing 1 queued checkpoints [151-151]: Waiting before starting Ready to run: resolve-snapshot
stellar-core(node): Synced!; Publishing 1 queued checkpoints [151-151]: Waiting: resolve-snapshot
stellar-core(node): Synced!
stellar-core(node): Synced!; Publishing 1 queued checkpoints [159-159]: Waiting before starting Ready to run: resolve-snapshot
stellar-core(node): Synced!; Publishing 1 queued checkpoints [159-159]: Waiting: resolve-snapshot
stellar-core(node): Synced!
stellar-core(node): Synced!; Publishing 1 queued checkpoints [167-167]: Waiting before starting Ready to run: resolve-snapshot
stellar-core(node): Synced!; Publishing 1 queued checkpoints [167-167]: Waiting: resolve-snapshot
stellar-core(node): Synced!
stellar-core(node): Synced!; Publishing 1 queued checkpoints [175-175]: Waiting before starting Ready to run: resolve-snapshot
stellar-core(node): Synced!; Publishing 1 queued checkpoints [175-175]: Waiting: resolve-snapshot
stellar-core(node): Synced!
stellar-core(node): Synced!; Publishing 1 queued checkpoints [183-183]: Waiting before starting Ready to run: resolve-snapshot
stellar-core(node): Synced!; Publishing 1 queued checkpoints [183-183]: Waiting: resolve-snapshot
stellar-core(node): Synced!
stellar-core(node): Synced!; Publishing 1 queued checkpoints [191-191]: Waiting: resolve-snapshot
