Funding deployer account: GDOAX7OWWWSJBT542KRU7H2EXI3OHPDGIL4TDW6CD6TY5VCSPZQCEBNS via friendbot...
Deployer account confirmed in RPC: GDOAX7OWWWSJBT542KRU7H2EXI3OHPDGIL4TDW6CD6TY5VCSPZQCEBNS
WASM: /home/mxr/Documents/localRepo/Weighin/.stage6b-work/temp-system-temp-1.wasm
WASM SHA256: f6edc17c367984295ce7007e4099d45982d84f5fdbffae899492d0e6c547c953
Contract ID: CCPF7FA2OM2Z6K5ABEINVXE4K62KZE7NFPCI5DDGAFHJ6KRJYUUBKKIK
Installing WASM...
WASM installed. Deploying contract instance...
Deployed at CCPF7FA2OM2Z6K5ABEINVXE4K62KZE7NFPCI5DDGAFHJ6KRJYUUBKKIK
Simulating escrows_for_participant...
{"mode":"system-temp","run":1,"wasm_sha256":"f6edc17c367984295ce7007e4099d45982d84f5fdbffae899492d0e6c547c953","metrics":{"cpu_instructions":565373,"memory_bytes":1225140,"ledger_read_entries":3,"ledger_read_bytes":0,"ledger_write_entries":0,"ledger_write_bytes":0,"events_count":0,"event_data_bytes":84}}
Deployer account confirmed in RPC: GDOAX7OWWWSJBT542KRU7H2EXI3OHPDGIL4TDW6CD6TY5VCSPZQCEBNS
WASM: /home/mxr/Documents/localRepo/Weighin/.stage6b-work/temp-system-temp-2.wasm
WASM SHA256: f6edc17c367984295ce7007e4099d45982d84f5fdbffae899492d0e6c547c953
Contract ID: CCPF7FA2OM2Z6K5ABEINVXE4K62KZE7NFPCI5DDGAFHJ6KRJYUUBKKIK
Already deployed at CCPF7FA2OM2Z6K5ABEINVXE4K62KZE7NFPCI5DDGAFHJ6KRJYUUBKKIK
Simulating escrows_for_participant...
{"mode":"system-temp","run":2,"wasm_sha256":"f6edc17c367984295ce7007e4099d45982d84f5fdbffae899492d0e6c547c953","metrics":{"cpu_instructions":565373,"memory_bytes":1225140,"ledger_read_entries":3,"ledger_read_bytes":0,"ledger_write_entries":0,"ledger_write_bytes":0,"events_count":0,"event_data_bytes":84}}
Deployer account confirmed in RPC: GDOAX7OWWWSJBT542KRU7H2EXI3OHPDGIL4TDW6CD6TY5VCSPZQCEBNS
WASM: /home/mxr/Documents/localRepo/Weighin/.stage6b-work/temp-system-temp-3.wasm
WASM SHA256: f6edc17c367984295ce7007e4099d45982d84f5fdbffae899492d0e6c547c953
Contract ID: CCPF7FA2OM2Z6K5ABEINVXE4K62KZE7NFPCI5DDGAFHJ6KRJYUUBKKIK
Already deployed at CCPF7FA2OM2Z6K5ABEINVXE4K62KZE7NFPCI5DDGAFHJ6KRJYUUBKKIK
Simulating escrows_for_participant...
{"mode":"system-temp","run":3,"wasm_sha256":"f6edc17c367984295ce7007e4099d45982d84f5fdbffae899492d0e6c547c953","metrics":{"cpu_instructions":565373,"memory_bytes":1225140,"ledger_read_entries":3,"ledger_read_bytes":0,"ledger_write_entries":0,"ledger_write_bytes":0,"events_count":0,"event_data_bytes":84}}
Deployer account confirmed in RPC: GDOAX7OWWWSJBT542KRU7H2EXI3OHPDGIL4TDW6CD6TY5VCSPZQCEBNS
WASM: /home/mxr/Documents/localRepo/Weighin/.stage6b-work/temp-system-temp-4.wasm
WASM SHA256: f6edc17c367984295ce7007e4099d45982d84f5fdbffae899492d0e6c547c953
Contract ID: CCPF7FA2OM2Z6K5ABEINVXE4K62KZE7NFPCI5DDGAFHJ6KRJYUUBKKIK
Already deployed at CCPF7FA2OM2Z6K5ABEINVXE4K62KZE7NFPCI5DDGAFHJ6KRJYUUBKKIK
Simulating escrows_for_participant...
{"mode":"system-temp","run":4,"wasm_sha256":"f6edc17c367984295ce7007e4099d45982d84f5fdbffae899492d0e6c547c953","metrics":{"cpu_instructions":565373,"memory_bytes":1225140,"ledger_read_entries":3,"ledger_read_bytes":0,"ledger_write_entries":0,"ledger_write_bytes":0,"events_count":0,"event_data_bytes":84}}
Deployer account confirmed in RPC: GDOAX7OWWWSJBT542KRU7H2EXI3OHPDGIL4TDW6CD6TY5VCSPZQCEBNS
WASM: /home/mxr/Documents/localRepo/Weighin/.stage6b-work/temp-system-temp-5.wasm
WASM SHA256: f6edc17c367984295ce7007e4099d45982d84f5fdbffae899492d0e6c547c953
Contract ID: CCPF7FA2OM2Z6K5ABEINVXE4K62KZE7NFPCI5DDGAFHJ6KRJYUUBKKIK
Already deployed at CCPF7FA2OM2Z6K5ABEINVXE4K62KZE7NFPCI5DDGAFHJ6KRJYUUBKKIK
Simulating escrows_for_participant...
{"mode":"system-temp","run":5,"wasm_sha256":"f6edc17c367984295ce7007e4099d45982d84f5fdbffae899492d0e6c547c953","metrics":{"cpu_instructions":565373,"memory_bytes":1225140,"ledger_read_entries":3,"ledger_read_bytes":0,"ledger_write_entries":0,"ledger_write_bytes":0,"events_count":0,"event_data_bytes":84}}
Deployer account confirmed in RPC: GDOAX7OWWWSJBT542KRU7H2EXI3OHPDGIL4TDW6CD6TY5VCSPZQCEBNS
WASM: /home/mxr/Documents/localRepo/Weighin/.stage6b-work/temp-workspace-temp-1.wasm
WASM SHA256: 103874c717632bb9b51d3ff6effc9869433fcbdf8e3c719c927eb7b6aa14f398
Contract ID: CC7VZ2L3MNDMLXQ22ZL2YPSXSJUD272FEOI34TLT35B22UGKJTCQWMZB
Installing WASM...
WASM installed. Deploying contract instance...
Deployed at CC7VZ2L3MNDMLXQ22ZL2YPSXSJUD272FEOI34TLT35B22UGKJTCQWMZB
Simulating escrows_for_participant...
{"mode":"workspace-temp","run":1,"wasm_sha256":"103874c717632bb9b51d3ff6effc9869433fcbdf8e3c719c927eb7b6aa14f398","metrics":{"cpu_instructions":565371,"memory_bytes":1225140,"ledger_read_entries":3,"ledger_read_bytes":0,"ledger_write_entries":0,"ledger_write_bytes":0,"events_count":0,"event_data_bytes":84}}
Deployer account confirmed in RPC: GDOAX7OWWWSJBT542KRU7H2EXI3OHPDGIL4TDW6CD6TY5VCSPZQCEBNS
WASM: /home/mxr/Documents/localRepo/Weighin/.stage6b-work/temp-workspace-temp-2.wasm
WASM SHA256: 103874c717632bb9b51d3ff6effc9869433fcbdf8e3c719c927eb7b6aa14f398
Contract ID: CC7VZ2L3MNDMLXQ22ZL2YPSXSJUD272FEOI34TLT35B22UGKJTCQWMZB
Already deployed at CC7VZ2L3MNDMLXQ22ZL2YPSXSJUD272FEOI34TLT35B22UGKJTCQWMZB
Simulating escrows_for_participant...
{"mode":"workspace-temp","run":2,"wasm_sha256":"103874c717632bb9b51d3ff6effc9869433fcbdf8e3c719c927eb7b6aa14f398","metrics":{"cpu_instructions":565371,"memory_bytes":1225140,"ledger_read_entries":3,"ledger_read_bytes":0,"ledger_write_entries":0,"ledger_write_bytes":0,"events_count":0,"event_data_bytes":84}}
Deployer account confirmed in RPC: GDOAX7OWWWSJBT542KRU7H2EXI3OHPDGIL4TDW6CD6TY5VCSPZQCEBNS
WASM: /home/mxr/Documents/localRepo/Weighin/.stage6b-work/temp-workspace-temp-3.wasm
WASM SHA256: 103874c717632bb9b51d3ff6effc9869433fcbdf8e3c719c927eb7b6aa14f398
Contract ID: CC7VZ2L3MNDMLXQ22ZL2YPSXSJUD272FEOI34TLT35B22UGKJTCQWMZB
Already deployed at CC7VZ2L3MNDMLXQ22ZL2YPSXSJUD272FEOI34TLT35B22UGKJTCQWMZB
Simulating escrows_for_participant...
{"mode":"workspace-temp","run":3,"wasm_sha256":"103874c717632bb9b51d3ff6effc9869433fcbdf8e3c719c927eb7b6aa14f398","metrics":{"cpu_instructions":565371,"memory_bytes":1225140,"ledger_read_entries":3,"ledger_read_bytes":0,"ledger_write_entries":0,"ledger_write_bytes":0,"events_count":0,"event_data_bytes":84}}
Deployer account confirmed in RPC: GDOAX7OWWWSJBT542KRU7H2EXI3OHPDGIL4TDW6CD6TY5VCSPZQCEBNS
WASM: /home/mxr/Documents/localRepo/Weighin/.stage6b-work/temp-workspace-temp-4.wasm
WASM SHA256: 103874c717632bb9b51d3ff6effc9869433fcbdf8e3c719c927eb7b6aa14f398
Contract ID: CC7VZ2L3MNDMLXQ22ZL2YPSXSJUD272FEOI34TLT35B22UGKJTCQWMZB
Already deployed at CC7VZ2L3MNDMLXQ22ZL2YPSXSJUD272FEOI34TLT35B22UGKJTCQWMZB
Simulating escrows_for_participant...
{"mode":"workspace-temp","run":4,"wasm_sha256":"103874c717632bb9b51d3ff6effc9869433fcbdf8e3c719c927eb7b6aa14f398","metrics":{"cpu_instructions":565371,"memory_bytes":1225140,"ledger_read_entries":3,"ledger_read_bytes":0,"ledger_write_entries":0,"ledger_write_bytes":0,"events_count":0,"event_data_bytes":84}}
Deployer account confirmed in RPC: GDOAX7OWWWSJBT542KRU7H2EXI3OHPDGIL4TDW6CD6TY5VCSPZQCEBNS
WASM: /home/mxr/Documents/localRepo/Weighin/.stage6b-work/temp-workspace-temp-5.wasm
WASM SHA256: 103874c717632bb9b51d3ff6effc9869433fcbdf8e3c719c927eb7b6aa14f398
Contract ID: CC7VZ2L3MNDMLXQ22ZL2YPSXSJUD272FEOI34TLT35B22UGKJTCQWMZB
Already deployed at CC7VZ2L3MNDMLXQ22ZL2YPSXSJUD272FEOI34TLT35B22UGKJTCQWMZB
Simulating escrows_for_participant...
{"mode":"workspace-temp","run":5,"wasm_sha256":"103874c717632bb9b51d3ff6effc9869433fcbdf8e3c719c927eb7b6aa14f398","metrics":{"cpu_instructions":565371,"memory_bytes":1225140,"ledger_read_entries":3,"ledger_read_bytes":0,"ledger_write_entries":0,"ledger_write_bytes":0,"events_count":0,"event_data_bytes":84}}
