mkdir-core-log: ok
chown-core-log: ok
chown-core: ok
finalize-core-config-manual-close: ok
finalize-core-config-database: ok
init-core-db: ok
init-core-scp: ok
mkdir-history-archive: ok
chown-history-archive: ok
init-history: ok
finalize-horizon-captivecore-db: ok
finalize-horizon-captivecore-config-enable-soroban-diagnostic-events: ok
chown-horizon: ok
init-horizon-db: ok
finalize-stellar-rpc-captivecore-db: ok
finalize-stellar-rpc-captivecore-config-enable-soroban-diagnostic-events: ok
init-stellar-rpc: ok
postgres: down
supervisor: starting
horizon: waiting for ingestion to catch up...
stellar-rpc: waiting for ready state...
supervisor: 2026-10-08 07:15:05,500 INFO Included extra file "/opt/stellar/supervisor/etc/supervisord.conf.d/friendbot.conf" during parsing
supervisor: 2026-10-08 07:15:05,500 INFO Included extra file "/opt/stellar/supervisor/etc/supervisord.conf.d/galexie.conf" during parsing
supervisor: 2026-10-08 07:15:05,500 INFO Included extra file "/opt/stellar/supervisor/etc/supervisord.conf.d/history-archive.conf" during parsing
supervisor: 2026-10-08 07:15:05,500 INFO Included extra file "/opt/stellar/supervisor/etc/supervisord.conf.d/horizon.conf" during parsing
supervisor: 2026-10-08 07:15:05,500 INFO Included extra file "/opt/stellar/supervisor/etc/supervisord.conf.d/ledger-meta-store.conf" during parsing
supervisor: 2026-10-08 07:15:05,500 INFO Included extra file "/opt/stellar/supervisor/etc/supervisord.conf.d/nginx.conf" during parsing
supervisor: 2026-10-08 07:15:05,500 INFO Included extra file "/opt/stellar/supervisor/etc/supervisord.conf.d/postgresql.conf" during parsing
supervisor: 2026-10-08 07:15:05,501 INFO Included extra file "/opt/stellar/supervisor/etc/supervisord.conf.d/stellar-core.conf" during parsing
supervisor: 2026-10-08 07:15:05,501 INFO Included extra file "/opt/stellar/supervisor/etc/supervisord.conf.d/stellar-lab.conf" during parsing
supervisor: 2026-10-08 07:15:05,501 INFO Included extra file "/opt/stellar/supervisor/etc/supervisord.conf.d/stellar-rpc.conf" during parsing
supervisor: 2026-10-08 07:15:05,501 INFO Set uid to user 0 succeeded
supervisor: 2026-10-08 07:15:05,523 INFO RPC interface 'supervisor' initialized
supervisor: 2026-10-08 07:15:05,523 CRIT Server 'inet_http_server' running without any HTTP authentication checking
supervisor: 2026-10-08 07:15:05,524 INFO supervisord started with pid 1
supervisor: 2026-10-08 07:15:06,530 INFO spawned: 'history-archive' with pid 339
supervisor: 2026-10-08 07:15:06,534 INFO spawned: 'nginx' with pid 340
supervisor: 2026-10-08 07:15:06,534 INFO reaped unknown pid 286 (exit status 0)
supervisor: 2026-10-08 07:15:07,819 INFO success: history-archive entered RUNNING state, process has stayed up for > than 1 seconds (startsecs)
supervisor: 2026-10-08 07:15:07,820 INFO success: nginx entered RUNNING state, process has stayed up for > than 1 seconds (startsecs)
supervisor: 2026-10-08 07:15:07,830 INFO spawned: 'stellar-core' with pid 359
upgrades: protocolversion=28, basereserve=5000000
stellar-core(node): Synced!; Armed with network upgrades: upgradetime=1970-01-01T00:00:00Z, protocolversion=28, basereserve=5000000
supervisor: 2026-10-08 07:15:08,871 INFO success: stellar-core entered RUNNING state, process has stayed up for > than 1 seconds (startsecs)
stellar-core: started
stellar-core(node): Synced!
upgrades: protocolversion done
upgrades: soroban config: restore contract: bdd3c5993d521567bdafeb91a2e93603feba72bfcc9b3e40f9aca27c2aae23d7 .. PENDING
supervisor: 2026-10-08 07:15:09,517 INFO spawned: 'postgresql' with pid 448
upgrades: soroban config: install contract: 5f9144833e1b8586f05bfb32984c06065b5df1930b7f4f234cb0f910497ecd39 .. PENDING
supervisor: 2026-10-08 07:15:10,654 INFO success: postgresql entered RUNNING state, process has stayed up for > than 1 seconds (startsecs)
postgresql: started
supervisor: 2026-10-08 07:15:11,307 INFO spawned: 'horizon' with pid 525
upgrades: soroban config: deploy contract: 81e1a860c19ce26f37a672018e0cbe0f79717d1535571651ddf539d4fcd4fd86 .. PENDING
upgrades: soroban config: upload config: 1231a39dc7d7b9be14b2aa34a72802df417806e5b06499a8afa33220b6bba3ac .. PENDING
supervisor: 2026-10-08 07:15:12,947 INFO success: horizon entered RUNNING state, process has stayed up for > than 1 seconds (startsecs)
horizon: started
stellar-core(node): Synced!; Publishing 1 queued checkpoints [7-7]: Waiting before starting Ready to run: resolve-snapshot
supervisor: 2026-10-08 07:15:13,575 INFO spawned: 'stellar-rpc' with pid 616
upgrades: soroban config: set config with key: PBHTBUyj98Jnqu8SsUTe2c/nspQDmvqtuinGAhYdT3B+QwV4hFVhyNAny47QGG6oYwPzugi7Degcv0Yhn64AHA==

upgrades: soroban config done
upgrades: soroban config 'testnet' limits
upgrades: soroban config: restore contract: 1e8cfae0ad028ca51be930aafdecbdc8129f5953cc2d4eff645df45e4d331cad .. PENDING
stellar-core(node): Synced!; Publishing 1 queued checkpoints [7-7]: Waiting: resolve-snapshot
supervisor: 2026-10-08 07:15:14,900 INFO success: stellar-rpc entered RUNNING state, process has stayed up for > than 1 seconds (startsecs)
stellar-rpc: started
upgrades: soroban config: install contract: 117dc071167027fb442e788c85606a272518cc361e19bc35ba2c81bcbc23aa53 .. PENDING
supervisor: 2026-10-08 07:15:15,006 INFO reaped unknown pid 287 (exit status 0)
stellar-core(node): Synced!
upgrades: soroban config: deploy contract: 50325eb37166dab6921a605b471e4e62aa0b0b00a59f9ac283bba3c0c4d863b7 .. PENDING
stellar-core(rpc): Joining SCP
upgrades: soroban config: upload config: 39df8e5876374847a558178722cf76fea1313c19bdb8c79221da50c72cb6ccfa .. PENDING
upgrades: soroban config: set config with key: YAY3IR8zNV2vem1VUbR7A/P3Wt4kqjIkLDVuHSandRg14Ih416Tucp0u/305RCsMD/hef7zRFVTSRlAgTkgKww==

upgrades: soroban config done
stellar-core(horizon): Joining SCP
stellar-core(rpc): Synced!
stellar-core(node): Synced!; Armed with network upgrades: upgradetime=1970-01-01T00:00:00Z, {
    "configupgradesetkey": {
        "contractID": "CBQAMNZBD4ZTKXNPPJWVKUNUPMB7H5223YSKUMREFQ2W4HJGU52RRH53",
        "contentHash": "35e08878d7a4ee729d2eff7d39442b0c0ff85e7fbcd11554d24650204e480ac3"
    }
}
supervisor: 2026-10-08 07:15:18,863 INFO spawned: 'friendbot' with pid 1034
stellar-core(node): Synced!
supervisor: 2026-10-08 07:15:19,876 INFO success: friendbot entered RUNNING state, process has stayed up for > than 1 seconds (startsecs)
friendbot: started
supervisor: 2026-10-08 07:15:19,982 INFO reaped unknown pid 285 (exit status 0)
stellar-rpc: up and ready
supervisor: 2026-10-08 07:15:20,071 INFO reaped unknown pid 300 (exit status 0)
stellar-core(horizon): Synced!
stellar-core(node): Synced!; Publishing 1 queued checkpoints [15-15]: Waiting before starting Ready to run: resolve-snapshot
stellar-core(node): Synced!; Publishing 1 queued checkpoints [15-15]: Waiting: resolve-snapshot
stellar-core(node): Synced!
horizon: ingestion caught up
supervisor: 2026-10-08 07:15:25,112 INFO reaped unknown pid 296 (exit status 0)
stellar-core(node): Synced!; Publishing 1 queued checkpoints [23-23]: Waiting before starting Ready to run: resolve-snapshot
stellar-core(node): Synced!; Publishing 1 queued checkpoints [23-23]: Waiting: resolve-snapshot
stellar-core(node): Synced!
