[
  {
    "id": "weighin@1.0.0",
    "name": "weighin",
    "version": "1.0.0",
    "size": 423251,
    "unpackedSize": 2086387,
    "shasum": "26c6e8b67d06e582a4fa66b95c41a5815e1faaf5",
    "integrity": "sha512-fULsnRR0zgE3bDgqmzZZNXu3bwEecGoFE/aICxTHoJ8F8uTLS6nuP3U2oj85q0ymgt6G1Y9ypbrKR+vcv9+Cww==",
    "filename": "weighin-1.0.0.tgz",
    "files": [
      {
        "path": "README.md",
        "size": 10,
        "mode": 420
      },
      {
        "path": "action.yml",
        "size": 2543,
        "mode": 420
      },
      {
        "path": "bundled/index.js",
        "size": 1899165,
        "mode": 420
      },
      {
        "path": "dist/account.js",
        "size": 4673,
        "mode": 420
      },
      {
        "path": "dist/action.js",
        "size": 14582,
        "mode": 420
      },
      {
        "path": "dist/build.js",
        "size": 6619,
        "mode": 420
      },
      {
        "path": "dist/cli.js",
        "size": 3777,
        "mode": 420
      },
      {
        "path": "dist/comment.js",
        "size": 7464,
        "mode": 420
      },
      {
        "path": "dist/diff.js",
        "size": 11612,
        "mode": 420
      },
      {
        "path": "dist/identity.js",
        "size": 4634,
        "mode": 420
      },
      {
        "path": "dist/measurement.js",
        "size": 15509,
        "mode": 420
      },
      {
        "path": "dist/simulation.js",
        "size": 18598,
        "mode": 420
      },
      {
        "path": "dist/threshold.js",
        "size": 8809,
        "mode": 420
      },
      {
        "path": "docs/contract-build.md",
        "size": 5081,
        "mode": 420
      },
      {
        "path": "docs/fixture-migration.md",
        "size": 7977,
        "mode": 420
      },
      {
        "path": "docs/metric-provenance.md",
        "size": 11340,
        "mode": 420
      },
      {
        "path": "docs/native-measurement.md",
        "size": 11173,
        "mode": 420
      },
      {
        "path": "docs/network-readiness.md",
        "size": 4989,
        "mode": 420
      },
      {
        "path": "docs/snapshot-recovery.md",
        "size": 5442,
        "mode": 420
      },
      {
        "path": "native/simulation/Cargo.lock",
        "size": 34201,
        "mode": 420
      },
      {
        "path": "native/simulation/Cargo.toml",
        "size": 418,
        "mode": 420
      },
      {
        "path": "native/simulation/src/main.rs",
        "size": 6390,
        "mode": 420
      },
      {
        "path": "package.json",
        "size": 1381,
        "mode": 420
      }
    ],
    "entryCount": 23,
    "bundled": []
  }
]
