WASM: /tmp/weighin-stage4b-Ht7PT5/reference.wasm
WASM SHA256: 718ba18378a2d94ec7bf0c75b3813c7d0bb5b65beb2fb4c445b3a4726ecd5668
Contract ID: CAZ6EGLABK2FKDJBTWB4ZRLQ2I7J7TSTWNBPJ4MFLUA7V7QJWAW4M6ON
Installing WASM...
WASM installed. Deploying contract instance...
Deployed at CAZ6EGLABK2FKDJBTWB4ZRLQ2I7J7TSTWNBPJ4MFLUA7V7QJWAW4M6ON
Simulating hello...
WASM: /tmp/weighin-stage4b-Ht7PT5/audit.wasm
WASM SHA256: a677bd71ba1902b894bf7d178fa4d6ce310e0558afcfe44d97b5c611bef9291d
Contract ID: CCI6576BYDZ44WUBEKADNLI4GYB4LID4BWDHRG4KFMRPMCEPQGZI4FKY
Installing WASM...
WASM installed. Deploying contract instance...
Deployed at CCI6576BYDZ44WUBEKADNLI4GYB4LID4BWDHRG4KFMRPMCEPQGZI4FKY
Simulating bench...
Simulating bench...
Simulating bench...
Simulating bench...
Simulating bench...
Simulating bench...
Live cycle 1/5: seven genuine measurements, stable metrics and zero policy violations
WASM: /tmp/weighin-stage4b-Ht7PT5/reference.wasm
WASM SHA256: 718ba18378a2d94ec7bf0c75b3813c7d0bb5b65beb2fb4c445b3a4726ecd5668
Contract ID: CAZ6EGLABK2FKDJBTWB4ZRLQ2I7J7TSTWNBPJ4MFLUA7V7QJWAW4M6ON
Already deployed at CAZ6EGLABK2FKDJBTWB4ZRLQ2I7J7TSTWNBPJ4MFLUA7V7QJWAW4M6ON
Simulating hello...
WASM: /tmp/weighin-stage4b-Ht7PT5/audit.wasm
WASM SHA256: a677bd71ba1902b894bf7d178fa4d6ce310e0558afcfe44d97b5c611bef9291d
Contract ID: CCI6576BYDZ44WUBEKADNLI4GYB4LID4BWDHRG4KFMRPMCEPQGZI4FKY
Already deployed at CCI6576BYDZ44WUBEKADNLI4GYB4LID4BWDHRG4KFMRPMCEPQGZI4FKY
Simulating bench...
Simulating bench...
Simulating bench...
Simulating bench...
Simulating bench...
Simulating bench...
Live cycle 2/5: seven genuine measurements, stable metrics and zero policy violations
WASM: /tmp/weighin-stage4b-Ht7PT5/reference.wasm
WASM SHA256: 718ba18378a2d94ec7bf0c75b3813c7d0bb5b65beb2fb4c445b3a4726ecd5668
Contract ID: CAZ6EGLABK2FKDJBTWB4ZRLQ2I7J7TSTWNBPJ4MFLUA7V7QJWAW4M6ON
Already deployed at CAZ6EGLABK2FKDJBTWB4ZRLQ2I7J7TSTWNBPJ4MFLUA7V7QJWAW4M6ON
Simulating hello...
WASM: /tmp/weighin-stage4b-Ht7PT5/audit.wasm
WASM SHA256: a677bd71ba1902b894bf7d178fa4d6ce310e0558afcfe44d97b5c611bef9291d
Contract ID: CCI6576BYDZ44WUBEKADNLI4GYB4LID4BWDHRG4KFMRPMCEPQGZI4FKY
Already deployed at CCI6576BYDZ44WUBEKADNLI4GYB4LID4BWDHRG4KFMRPMCEPQGZI4FKY
Simulating bench...
Simulating bench...
Simulating bench...
Simulating bench...
Simulating bench...
Simulating bench...
Live cycle 3/5: seven genuine measurements, stable metrics and zero policy violations
WASM: /tmp/weighin-stage4b-Ht7PT5/reference.wasm
WASM SHA256: 718ba18378a2d94ec7bf0c75b3813c7d0bb5b65beb2fb4c445b3a4726ecd5668
Contract ID: CAZ6EGLABK2FKDJBTWB4ZRLQ2I7J7TSTWNBPJ4MFLUA7V7QJWAW4M6ON
Already deployed at CAZ6EGLABK2FKDJBTWB4ZRLQ2I7J7TSTWNBPJ4MFLUA7V7QJWAW4M6ON
Simulating hello...
WASM: /tmp/weighin-stage4b-Ht7PT5/audit.wasm
WASM SHA256: a677bd71ba1902b894bf7d178fa4d6ce310e0558afcfe44d97b5c611bef9291d
Contract ID: CCI6576BYDZ44WUBEKADNLI4GYB4LID4BWDHRG4KFMRPMCEPQGZI4FKY
Already deployed at CCI6576BYDZ44WUBEKADNLI4GYB4LID4BWDHRG4KFMRPMCEPQGZI4FKY
Simulating bench...
Simulating bench...
Simulating bench...
Simulating bench...
Simulating bench...
Simulating bench...
Live cycle 4/5: seven genuine measurements, stable metrics and zero policy violations
WASM: /tmp/weighin-stage4b-Ht7PT5/reference.wasm
WASM SHA256: 718ba18378a2d94ec7bf0c75b3813c7d0bb5b65beb2fb4c445b3a4726ecd5668
Contract ID: CAZ6EGLABK2FKDJBTWB4ZRLQ2I7J7TSTWNBPJ4MFLUA7V7QJWAW4M6ON
Already deployed at CAZ6EGLABK2FKDJBTWB4ZRLQ2I7J7TSTWNBPJ4MFLUA7V7QJWAW4M6ON
Simulating hello...
WASM: /tmp/weighin-stage4b-Ht7PT5/audit.wasm
WASM SHA256: a677bd71ba1902b894bf7d178fa4d6ce310e0558afcfe44d97b5c611bef9291d
Contract ID: CCI6576BYDZ44WUBEKADNLI4GYB4LID4BWDHRG4KFMRPMCEPQGZI4FKY
Already deployed at CCI6576BYDZ44WUBEKADNLI4GYB4LID4BWDHRG4KFMRPMCEPQGZI4FKY
Simulating bench...
Simulating bench...
Simulating bench...
Simulating bench...
Simulating bench...
Simulating bench...
Live cycle 5/5: seven genuine measurements, stable metrics and zero policy violations
